Product: MDK-ARM Standard 5.10
Component: ARM Compiler 5.04 update 1 (build 49)
Tool: armlink [5040049]

==============================================================================

Section Cross References

    main.o(.text) refers to _printf_percent.o(.ARM.Collect$$_printf_percent$$00000000) for _printf_percent
    main.o(.text) refers to _printf_f.o(.ARM.Collect$$_printf_percent$$00000003) for _printf_f
    main.o(.text) refers to printf1.o(x$fpl$printf1) for _printf_fp_dec
    main.o(.text) refers to _printf_d.o(.ARM.Collect$$_printf_percent$$00000009) for _printf_d
    main.o(.text) refers to _printf_dec.o(.text) for _printf_int_dec
    main.o(.text) refers to _printf_s.o(.ARM.Collect$$_printf_percent$$00000014) for _printf_s
    main.o(.text) refers to _printf_str.o(.text) for _printf_str
    main.o(.text) refers to _printf_pad.o(.text) for _printf_pre_padding
    main.o(.text) refers to _printf_c.o(.ARM.Collect$$_printf_percent$$00000013) for _printf_c
    main.o(.text) refers to rt_memclr_w.o(.text) for __aeabi_memclr4
    main.o(.text) refers to sim800c.o(.text) for sendCommand
    main.o(.text) refers to __2printf.o(.text) for __2printf
    main.o(.text) refers to delay.o(.text) for delay_ms
    main.o(.text) refers to strcat.o(.text) for strcat
    main.o(.text) refers to f2d.o(x$fpl$f2d) for __aeabi_f2d
    main.o(.text) refers to __2sprintf.o(.text) for __2sprintf
    main.o(.text) refers to strlen.o(.text) for strlen
    main.o(.text) refers to sys.o(.text) for NVIC_Configuration
    main.o(.text) refers to usart.o(.text) for uart_init
    main.o(.text) refers to usart2.o(.text) for USART2_Init
    main.o(.text) refers to usart3.o(.text) for USART3_Init
    main.o(.text) refers to inv_mpu.o(.text) for mpu_dmp_init
    main.o(.text) refers to mpu6050.o(.text) for MPU6050_Config
    main.o(.text) refers to exti.o(.text) for EXTIX_Init
    main.o(.text) refers to wt-588d.o(.text) for WT_Init
    main.o(.text) refers to hc-sr04.o(.text) for UltrasonicWave_Configuration
    main.o(.text) refers to timer.o(.text) for TIM2_Cap_Init
    main.o(.text) refers to gps.o(.text) for SkyTra_Cfg_Rate
    main.o(.text) refers to fflt_clz.o(x$fpl$ffltu) for __aeabi_ui2f
    main.o(.text) refers to fmul.o(x$fpl$fmul) for __aeabi_fmul
    main.o(.text) refers to fdiv.o(x$fpl$fdiv) for __aeabi_fdiv
    main.o(.text) refers to ffix.o(x$fpl$ffix) for __aeabi_f2iz
    main.o(.text) refers to main.o(.data) for .data
    main.o(.text) refers to timer.o(.data) for TIM2CH1_CAPTURE_STA
    main.o(.text) refers to main.o(.bss) for .bss
    main.o(.text) refers to usart3.o(.data) for USART3_RX_STA
    main.o(.text) refers to fflt_clz.o(x$fpl$fflt) for __aeabi_i2f
    main.o(.text) refers to usart3.o(.bss) for USART3_RX_BUF
    main.o(.data) refers to main.o(.conststring) for .conststring
    system_stm32f10x.o(.text) refers to system_stm32f10x.o(.data) for .data
    usart2.o(.text) refers to stm32f10x_tim.o(.text) for TIM_SetCounter
    usart2.o(.text) refers to stm32f10x_usart.o(.text) for USART_GetITStatus
    usart2.o(.text) refers to rt_memclr_w.o(.text) for __aeabi_memclr4
    usart2.o(.text) refers to stm32f10x_rcc.o(.text) for RCC_APB1PeriphClockCmd
    usart2.o(.text) refers to misc.o(.text) for NVIC_Init
    usart2.o(.text) refers to stm32f10x_dma.o(.text) for DMA_DeInit
    usart2.o(.text) refers to stm32f10x_gpio.o(.text) for GPIO_Init
    usart2.o(.text) refers to c89vsprintf.o(.text) for __c89vsprintf
    usart2.o(.text) refers to strlen.o(.text) for strlen
    usart2.o(.text) refers to usart2.o(.data) for .data
    usart2.o(.text) refers to usart2.o(.bss) for .bss
    usart3.o(.text) refers to stm32f10x_tim.o(.text) for TIM_SetCounter
    usart3.o(.text) refers to stm32f10x_usart.o(.text) for USART_GetITStatus
    usart3.o(.text) refers to stm32f10x_rcc.o(.text) for RCC_APB1PeriphClockCmd
    usart3.o(.text) refers to misc.o(.text) for NVIC_Init
    usart3.o(.text) refers to stm32f10x_gpio.o(.text) for GPIO_Init
    usart3.o(.text) refers to usart2.o(.text) for UART_DMA_Config
    usart3.o(.text) refers to c89vsprintf.o(.text) for __c89vsprintf
    usart3.o(.text) refers to stm32f10x_dma.o(.text) for DMA_GetCurrDataCounter
    usart3.o(.text) refers to strlen.o(.text) for strlen
    usart3.o(.text) refers to usart3.o(.data) for .data
    usart3.o(.text) refers to usart3.o(.bss) for .bss
    gps.o(.text) refers to strstr.o(.text) for strstr
    gps.o(.text) refers to fflt_clz.o(x$fpl$ffltu) for __aeabi_ui2f
    gps.o(.text) refers to fmul.o(x$fpl$fmul) for __aeabi_fmul
    gps.o(.text) refers to fdiv.o(x$fpl$fdiv) for __aeabi_fdiv
    gps.o(.text) refers to faddsub_clz.o(x$fpl$fadd) for __aeabi_fadd
    gps.o(.text) refers to ffixu.o(x$fpl$ffixu) for __aeabi_f2uiz
    gps.o(.text) refers to delay.o(.text) for delay_ms
    gps.o(.text) refers to usart3.o(.text) for USART3_Init
    gps.o(.text) refers to usart3.o(.data) for USART3_RX_STA
    gps.o(.text) refers to usart3.o(.bss) for USART3_RX_BUF
[...]
    main                                     0x080004b5   Thumb Code  1570  main.o(.text)
    NMI_Handler                              0x08000bf1   Thumb Code     2  stm32f10x_it.o(.text)
    HardFault_Handler                        0x08000bf3   Thumb Code     2  stm32f10x_it.o(.text)
    MemManage_Handler                        0x08000bf5   Thumb Code     2  stm32f10x_it.o(.text)
    BusFault_Handler                         0x08000bf7   Thumb Code     2  stm32f10x_it.o(.text)
    UsageFault_Handler                       0x08000bf9   Thumb Code     2  stm32f10x_it.o(.text)
    SVC_Handler                              0x08000bfb   Thumb Code     2  stm32f10x_it.o(.text)
    DebugMon_Handler                         0x08000bfd   Thumb Code     2  stm32f10x_it.o(.text)
    PendSV_Handler                           0x08000bff   Thumb Code     2  stm32f10x_it.o(.text)
    SysTick_Handler                          0x08000c01   Thumb Code     2  stm32f10x_it.o(.text)
    SystemInit                               0x08000c05   Thumb Code   222  system_stm32f10x.o(.text)
    SystemCoreClockUpdate                    0x08000ce3   Thumb Code    90  system_stm32f10x.o(.text)
    TIM4_Set                                 0x08000d5d   Thumb Code    38  usart2.o(.text)
    USART2_IRQHandler                        0x08000d83   Thumb Code    82  usart2.o(.text)
    USART2_CLR_Buf                           0x08000dd5   Thumb Code    20  usart2.o(.text)
    TIM4_Init                                0x08000de9   Thumb Code    86  usart2.o(.text)
    UART_DMA_Config                          0x08000e3f   Thumb Code    66  usart2.o(.text)
    USART2_Init                              0x08000e81   Thumb Code   326  usart2.o(.text)
    UART_DMA_Enable                          0x08000fc7   Thumb Code    32  usart2.o(.text)
    u2_printf                                0x08000fe7   Thumb Code    66  usart2.o(.text)
    TIM4_IRQHandler                          0x08001029   Thumb Code    48  usart2.o(.text)
    TIM3_Set                                 0x08001075   Thumb Code    38  usart3.o(.text)
    USART3_IRQHandler                        0x0800109b   Thumb Code    86  usart3.o(.text)
    TIM3_Init                                0x080010f1   Thumb Code    86  usart3.o(.text)
    USART3_Init                              0x08001147   Thumb Code   270  usart3.o(.text)
    u3_printf                                0x08001255   Thumb Code    46  usart3.o(.text)
    TIM3_IRQHandler                          0x08001283   Thumb Code    48  usart3.o(.text)
    NMEA_Comma_Pos                           0x080012d1   Thumb Code    42  gps.o(.text)
    NMEA_Pow                                 0x080012fb   Thumb Code    22  gps.o(.text)
    NMEA_Str2num                             0x08001311   Thumb Code   244  gps.o(.text)
    NMEA_GPGSV_Analysis                      0x08001405   Thumb Code   230  gps.o(.text)
    NMEA_BDGSV_Analysis                      0x080014eb   Thumb Code   238  gps.o(.text)
    NMEA_GNGGA_Analysis                      0x080015d9   Thumb Code    90  gps.o(.text)
    NMEA_GNGSA_Analysis                      0x08001633   Thumb Code   152  gps.o(.text)
    NMEA_GNRMC_Analysis                      0x080016cb   Thumb Code   550  gps.o(.text)
    NMEA_GNVTG_Analysis                      0x080018f1   Thumb Code    74  gps.o(.text)
    GPS_Analysis                             0x0800193b   Thumb Code   184  gps.o(.text)
    SkyTra_Cfg_Ack_Check                     0x080019f3   Thumb Code    92  gps.o(.text)
    SkyTra_Send_Date                         0x08001a4f   Thumb Code    42  gps.o(.text)
    SkyTra_Cfg_Prt                           0x08001a79   Thumb Code   102  gps.o(.text)
    SkyTra_Cfg_Tp                            0x08001adf   Thumb Code    96  gps.o(.text)
    SkyTra_Cfg_Rate                          0x08001b3f   Thumb Code    76  gps.o(.text)
    UltrasonicWave_Configuration             0x08001ba9   Thumb Code    38  hc-sr04.o(.text)
    UltrasonicWave_StartMeasure              0x08001bcf   Thumb Code    26  hc-sr04.o(.text)
    MPU_Write_Byte                           0x08001bf1   Thumb Code    60  mpu6050.o(.text)
    MPU_Set_LPF                              0x08001c2d   Thumb Code    44  mpu6050.o(.text)
    MPU_Set_Rate                             0x08001c59   Thumb Code    90  mpu6050.o(.text)
    MPU_Read_Byte                            0x08001cb3   Thumb Code    58  mpu6050.o(.text)
    MPU_Set_Accel_Fsr                        0x08001ced   Thumb Code     8  mpu6050.o(.text)
    MPU_Set_Gyro_Fsr                         0x08001cf5   Thumb Code     8  mpu6050.o(.text)
    MPU_Init                                 0x08001cfd   Thumb Code   168  mpu6050.o(.text)
    MPU_Read_Len                             0x08001da5   Thumb Code   116  mpu6050.o(.text)
    MPU_Get_Temperature                      0x08001e19   Thumb Code    60  mpu6050.o(.text)
    MPU_Get_Gyroscope                        0x08001e55   Thumb Code    58  mpu6050.o(.text)
    MPU_Get_Accelerometer                    0x08001e8f   Thumb Code    58  mpu6050.o(.text)
    MPU_Write_Len                            0x08001ec9   Thumb Code    86  mpu6050.o(.text)
    Motion_Interrupt                         0x08001f1f   Thumb Code    20  mpu6050.o(.text)
    MPU6050_Config                           0x08001f33   Thumb Code    52  mpu6050.o(.text)
    Free_Fall_Interrupt                      0x08001f67   Thumb Code    20  mpu6050.o(.text)
    Zero_Motion_Interrupt                    0x08001f7b   Thumb Code    20  mpu6050.o(.text)
    MPU_IIC_Delay                            0x08001fa1   Thumb Code     6  mpuiic.o(.text)
    MPU_IIC_Init                             0x08001fa7   Thumb Code    52  mpuiic.o(.text)
    MPU_IIC_Start                            0x08001fdb   Thumb Code    56  mpuiic.o(.text)
    MPU_IIC_Stop                             0x08002013   Thumb Code    58  mpuiic.o(.text)
    MPU_IIC_Wait_Ack                         0x0800204d   Thumb Code   132  mpuiic.o(.text)
    MPU_IIC_Ack                              0x080020d1   Thumb Code    56  mpuiic.o(.text)
    MPU_IIC_NAck                             0x08002109   Thumb Code    56  mpuiic.o(.text)
    MPU_IIC_Send_Byte                        0x08002141   Thumb Code    80  mpuiic.o(.text)
    MPU_IIC_Read_Byte                        0x08002191   Thumb Code   180  mpuiic.o(.text)
    mpu_reg_dump                             0x080022c1   Thumb Code    78  inv_mpu.o(.text)
    mpu_read_reg                             0x0800230f   Thumb Code    48  inv_mpu.o(.text)
    mpu_set_int_latched                      0x0800233f   Thumb Code    96  inv_mpu.o(.text)
    mpu_set_sensors                          0x0800239f   Thumb Code   192  inv_mpu.o(.text)
    mpu_set_bypass                           0x0800245f   Thumb Code   258  inv_mpu.o(.text)
    mpu_reset_fifo                           0x08002561   Thumb Code   384  inv_mpu.o(.text)
    mpu_configure_fifo                       0x080026e1   Thumb Code   104  inv_mpu.o(.text)
    mpu_set_lpf                              0x08002749   Thumb Code   100  inv_mpu.o(.text)
    mpu_lp_accel_mode                        0x080027ad   Thumb Code   194  inv_mpu.o(.text)
    mpu_set_sample_rate                      0x0800286f   Thumb Code   118  inv_mpu.o(.text)
    mpu_set_accel_fsr                        0x080028e5   Thumb Code    96  inv_mpu.o(.text)
    mpu_set_gyro_fsr                         0x08002945   Thumb Code   102  inv_mpu.o(.text)
    mpu_init                                 0x080029ab   Thumb Code   404  inv_mpu.o(.text)
    mget_ms                                  0x08002b3f   Thumb Code     2  inv_mpu.o(.text)
    mpu_get_gyro_reg                         0x08002b41   Thumb Code    72  inv_mpu.o(.text)
    mpu_get_accel_reg                        0x08002b89   Thumb Code    72  inv_mpu.o(.text)
    mpu_get_temperature                      0x08002bd1   Thumb Code   102  inv_mpu.o(.text)
    mpu_set_accel_bias                       0x08002c37   Thumb Code   230  inv_mpu.o(.text)
    mpu_get_gyro_fsr                         0x08002d1d   Thumb Code    50  inv_mpu.o(.text)
    mpu_get_accel_fsr                        0x08002d4f   Thumb Code    56  inv_mpu.o(.text)
    mpu_get_lpf                              0x08002d87   Thumb Code    54  inv_mpu.o(.text)
    mpu_get_sample_rate                      0x08002dbd   Thumb Code    24  inv_mpu.o(.text)
    mpu_get_compass_sample_rate              0x08002dd5   Thumb Code     8  inv_mpu.o(.text)
    mpu_set_compass_sample_rate              0x08002ddd   Thumb Code     6  inv_mpu.o(.text)
    mpu_get_gyro_sens                        0x08002de3   Thumb Code    46  inv_mpu.o(.text)
    mpu_get_accel_sens                       0x08002e11   Thumb Code    64  inv_mpu.o(.text)
    mpu_get_fifo_config                      0x08002e51   Thumb Code    10  inv_mpu.o(.text)
    mpu_get_power_state                      0x08002e5b   Thumb Code    16  inv_mpu.o(.text)
    mpu_get_int_status                       0x08002e6b   Thumb Code    46  inv_mpu.o(.text)
    mpu_read_fifo                            0x08002e99   Thumb Code   398  inv_mpu.o(.text)
    mpu_read_fifo_stream                     0x08003027   Thumb Code   152  inv_mpu.o(.text)
    mpu_set_int_level                        0x080030bf   Thumb Code    10  inv_mpu.o(.text)
    mpu_set_dmp_state                        0x0800343b   Thumb Code   116  inv_mpu.o(.text)
    mpu_run_self_test                        0x080034af   Thumb Code   740  inv_mpu.o(.text)
    mpu_write_mem                            0x08003793   Thumb Code    88  inv_mpu.o(.text)
    mpu_read_mem                             0x080037eb   Thumb Code   124  inv_mpu.o(.text)
    mpu_load_firmware                        0x08003867   Thumb Code   284  inv_mpu.o(.text)
    mpu_get_dmp_state                        0x08003983   Thumb Code    12  inv_mpu.o(.text)
    setup_compass                            0x0800398f   Thumb Code     6  inv_mpu.o(.text)
    mpu_get_compass_reg                      0x08003995   Thumb Code     6  inv_mpu.o(.text)
    mpu_get_compass_fsr                      0x0800399b   Thumb Code     6  inv_mpu.o(.text)
    mpu_lp_motion_interrupt                  0x080039a1   Thumb Code   496  inv_mpu.o(.text)
    run_self_test                            0x08003b91   Thumb Code   232  inv_mpu.o(.text)
    inv_row_2_scale                          0x08003c79   Thumb Code    56  inv_mpu.o(.text)
    inv_orientation_matrix_to_scalar         0x08003cb1   Thumb Code    34  inv_mpu.o(.text)
    mpu_dmp_init                             0x08003cd3   Thumb Code   188  inv_mpu.o(.text)
    mpu_dmp_get_data                         0x08003d8f   Thumb Code   424  inv_mpu.o(.text)
    dmp_load_motion_driver_firmware          0x08003f41   Thumb Code    16  inv_mpu_dmp_motion_driver.o(.text)
    dmp_set_orientation                      0x08003f51   Thumb Code   248  inv_mpu_dmp_motion_driver.o(.text)
    dmp_set_gyro_bias                        0x08004049   Thumb Code   206  inv_mpu_dmp_motion_driver.o(.text)
    dmp_set_accel_bias                       0x08004117   Thumb Code   218  inv_mpu_dmp_motion_driver.o(.text)
    dmp_set_fifo_rate                        0x080041f1   Thumb Code    88  inv_mpu_dmp_motion_driver.o(.text)
    dmp_get_fifo_rate                        0x08004249   Thumb Code    10  inv_mpu_dmp_motion_driver.o(.text)
    dmp_set_tap_thresh                       0x08004253   Thumb Code   382  inv_mpu_dmp_motion_driver.o(.text)
    dmp_set_tap_axes                         0x080043d1   Thumb Code    70  inv_mpu_dmp_motion_driver.o(.text)
    dmp_set_tap_count                        0x08004417   Thumb Code    36  inv_mpu_dmp_motion_driver.o(.text)
    dmp_set_tap_time                         0x0800443b   Thumb Code    34  inv_mpu_dmp_motion_driver.o(.text)
    dmp_set_tap_time_multi                   0x0800445d   Thumb Code    34  inv_mpu_dmp_motion_driver.o(.text)
    dmp_set_shake_reject_thresh              0x0800447f   Thumb Code    48  inv_mpu_dmp_motion_driver.o(.text)
    dmp_set_shake_reject_time                0x080044af   Thumb Code    34  inv_mpu_dmp_motion_driver.o(.text)
    dmp_set_shake_reject_timeout             0x080044d1   Thumb Code    34  inv_mpu_dmp_motion_driver.o(.text)
    dmp_get_pedometer_step_count             0x080044f3   Thumb Code    56  inv_mpu_dmp_motion_driver.o(.text)
    dmp_set_pedometer_step_count             0x0800452b   Thumb Code    38  inv_mpu_dmp_motion_driver.o(.text)
    dmp_get_pedometer_walk_time              0x08004551   Thumb Code    62  inv_mpu_dmp_motion_driver.o(.text)
    dmp_set_pedometer_walk_time              0x0800458f   Thumb Code    46  inv_mpu_dmp_motion_driver.o(.text)
    dmp_enable_6x_lp_quat                    0x080045bd   Thumb Code    56  inv_mpu_dmp_motion_driver.o(.text)
    dmp_enable_lp_quat                       0x080045f5   Thumb Code    56  inv_mpu_dmp_motion_driver.o(.text)
    dmp_enable_gyro_cal                      0x0800462d   Thumb Code    66  inv_mpu_dmp_motion_driver.o(.text)
    dmp_enable_feature                       0x0800466f   Thumb Code   676  inv_mpu_dmp_motion_driver.o(.text)
    dmp_get_enabled_features                 0x08004913   Thumb Code    10  inv_mpu_dmp_motion_driver.o(.text)
    dmp_set_interrupt_mode                   0x0800491d   Thumb Code   136  inv_mpu_dmp_motion_driver.o(.text)
    dmp_read_fifo                            0x080049a5   Thumb Code   354  inv_mpu_dmp_motion_driver.o(.text)
    dmp_register_tap_cb                      0x08004b07   Thumb Code     8  inv_mpu_dmp_motion_driver.o(.text)
    dmp_register_android_orient_cb           0x08004b0f   Thumb Code     8  inv_mpu_dmp_motion_driver.o(.text)
    WT_Init                                  0x08004b1d   Thumb Code    50  wt-588d.o(.text)
    Line_1A                                  0x08004b4f   Thumb Code    94  wt-588d.o(.text)
    Data_Pro                                 0x08004bad   Thumb Code   190  wt-588d.o(.text)
    Dwon_Pro                                 0x08004c6b   Thumb Code    34  wt-588d.o(.text)
    TIM1_PWM_Init                            0x08004c9d   Thumb Code   144  timer.o(.text)
    TIM2_Cap_Init                            0x08004d2d   Thumb Code   148  timer.o(.text)
    TIM2_IRQHandler                          0x08004dc1   Thumb Code   146  timer.o(.text)
    TIM5_Int_Init                            0x08004e53   Thumb Code    94  timer.o(.text)
    EXTIX_Init                               0x08004ec5   Thumb Code   164  exti.o(.text)
    EXTI15_10_IRQHandler                     0x08004f69   Thumb Code    46  exti.o(.text)
    EXTI9_5_IRQHandler                       0x08004f97   Thumb Code    40  exti.o(.text)
    delay_init                               0x08004fe9   Thumb Code    46  delay.o(.text)
    delay_us                                 0x08005017   Thumb Code    50  delay.o(.text)
    delay_ms                                 0x08005049   Thumb Code    50  delay.o(.text)
    NVIC_Configuration                       0x08005089   Thumb Code     8  sys.o(.text)
    _sys_exit                                0x08005091   Thumb Code     2  usart.o(.text)
    fputc                                    0x08005093   Thumb Code    18  usart.o(.text)
    uart_init                                0x080050a5   Thumb Code   134  usart.o(.text)
    USART1_IRQHandler                        0x0800512b   Thumb Code   102  usart.o(.text)
    Reset_Handler                            0x080051a5   Thumb Code     8  startup_stm32f10x_hd.o(.text)
    ADC1_2_IRQHandler                        0x080051bf   Thumb Code     0  startup_stm32f10x_hd.o(.text)
    ADC3_IRQHandler                          0x080051bf   Thumb Code     0  startup_stm32f10x_hd.o(.text)
    CAN1_RX1_IRQHandler                      0x080051bf   Thumb Code     0  startup_stm32f10x_hd.o(.text)
    CAN1_SCE_IRQHandler                      0x080051bf   Thumb Code     0  startup_stm32f10x_hd.o(.text)
    DMA1_Channel1_IRQHandler                 0x080051bf   Thumb Code     0  startup_stm32f10x_hd.o(.text)
    DMA1_Channel2_IRQHandler                 0x080051bf   Thumb Code     0  startup_stm32f10x_hd.o(.text)
    DMA1_Channel3_IRQHandler                 0x080051bf   Thumb Code     0  startup_stm32f10x_hd.o(.text)
    DMA1_Channel4_IRQHandler                 0x080051bf   Thumb Code     0  startup_stm32f10x_hd.o(.text)
    DMA1_Channel5_IRQHandler                 0x080051bf   Thumb Code     0  startup_stm32f10x_hd.o(.text)
    DMA1_Channel6_IRQHandler                 0x080051bf   Thumb Code     0  startup_stm32f10x_hd.o(.text)
    DMA1_Channel7_IRQHandler                 0x080051bf   Thumb Code     0  startup_stm32f10x_hd.o(.text)
    DMA2_Channel1_IRQHandler                 0x080051bf   Thumb Code     0  startup_stm32f10x_hd.o(.text)
    DMA2_Channel2_IRQHandler                 0x080051bf   Thumb Code     0  startup_stm32f10x_hd.o(.text)
    DMA2_Channel3_IRQHandler                 0x080051bf   Thumb Code     0  startup_stm32f10x_hd.o(.text)
    DMA2_Channel4_5_IRQHandler               0x080051bf   Thumb Code     0  startup_stm32f10x_hd.o(.text)
    EXTI0_IRQHandler                         0x080051bf   Thumb Code     0  startup_stm32f10x_hd.o(.text)
    EXTI1_IRQHandler                         0x080051bf   Thumb Code     0  startup_stm32f10x_hd.o(.text)
    EXTI2_IRQHandler                         0x080051bf   Thumb Code     0  startup_stm32f10x_hd.o(.text)
    EXTI3_IRQHandler                         0x080051bf   Thumb Code     0  startup_stm32f10x_hd.o(.text)
    EXTI4_IRQHandler                         0x080051bf   Thumb Code     0  startup_stm32f10x_hd.o(.text)
    FLASH_IRQHandler                         0x080051bf   Thumb Code     0  startup_stm32f10x_hd.o(.text)
    FSMC_IRQHandler                          0x080051bf   Thumb Code     0  startup_stm32f10x_hd.o(.text)
    I2C1_ER_IRQHandler                       0x080051bf   Thumb Code     0  startup_stm32f10x_hd.o(.text)
    I2C1_EV_IRQHandler                       0x080051bf   Thumb Code     0  startup_stm32f10x_hd.o(.text)
    I2C2_ER_IRQHandler                       0x080051bf   Thumb Code     0  startup_stm32f10x_hd.o(.text)
    I2C2_EV_IRQHandler                       0x080051bf   Thumb Code     0  startup_stm32f10x_hd.o(.text)
    PVD_IRQHandler                           0x080051bf   Thumb Code     0  startup_stm32f10x_hd.o(.text)
    RCC_IRQHandler                           0x080051bf   Thumb Code     0  startup_stm32f10x_hd.o(.text)
    RTCAlarm_IRQHandler                      0x080051bf   Thumb Code     0  startup_stm32f10x_hd.o(.text)
    RTC_IRQHandler                           0x080051bf   Thumb Code     0  startup_stm32f10x_hd.o(.text)
    SDIO_IRQHandler                          0x080051bf   Thumb Code     0  startup_stm32f10x_hd.o(.text)
    SPI1_IRQHandler                          0x080051bf   Thumb Code     0  startup_stm32f10x_hd.o(.text)
    SPI2_IRQHandler                          0x080051bf   Thumb Code     0  startup_stm32f10x_hd.o(.text)
    SPI3_IRQHandler                          0x080051bf   Thumb Code     0  startup_stm32f10x_hd.o(.text)
    TAMPER_IRQHandler                        0x080051bf   Thumb Code     0  startup_stm32f10x_hd.o(.text)
    TIM1_BRK_IRQHandler                      0x080051bf   Thumb Code     0  startup_stm32f10x_hd.o(.text)
    TIM1_CC_IRQHandler                       0x080051bf   Thumb Code     0  startup_stm32f10x_hd.o(.text)
    TIM1_TRG_COM_IRQHandler                  0x080051bf   Thumb Code     0  startup_stm32f10x_hd.o(.text)
    TIM1_UP_IRQHandler                       0x080051bf   Thumb Code     0  startup_stm32f10x_hd.o(.text)
    TIM5_IRQHandler                          0x080051bf   Thumb Code     0  startup_stm32f10x_hd.o(.text)
    TIM6_IRQHandler                          0x080051bf   Thumb Code     0  startup_stm32f10x_hd.o(.text)
    TIM7_IRQHandler                          0x080051bf   Thumb Code     0  startup_stm32f10x_hd.o(.text)
    TIM8_BRK_IRQHandler                      0x080051bf   Thumb Code     0  startup_stm32f10x_hd.o(.text)
    TIM8_CC_IRQHandler                       0x080051bf   Thumb Code     0  startup_stm32f10x_hd.o(.text)
    TIM8_TRG_COM_IRQHandler                  0x080051bf   Thumb Code     0  startup_stm32f10x_hd.o(.text)
    TIM8_UP_IRQHandler                       0x080051bf   Thumb Code     0  startup_stm32f10x_hd.o(.text)
    UART4_IRQHandler                         0x080051bf   Thumb Code     0  startup_stm32f10x_hd.o(.text)
    UART5_IRQHandler                         0x080051bf   Thumb Code     0  startup_stm32f10x_hd.o(.text)
    USBWakeUp_IRQHandler                     0x080051bf   Thumb Code     0  startup_stm32f10x_hd.o(.text)
    USB_HP_CAN1_TX_IRQHandler                0x080051bf   Thumb Code     0  startup_stm32f10x_hd.o(.text)
    USB_LP_CAN1_RX0_IRQHandler               0x080051bf   Thumb Code     0  startup_stm32f10x_hd.o(.text)
    WWDG_IRQHandler                          0x080051bf   Thumb Code     0  startup_stm32f10x_hd.o(.text)
    __user_initial_stackheap                 0x080051c1   Thumb Code     0  startup_stm32f10x_hd.o(.text)
    GPIO_DeInit                              0x080051e5   Thumb Code   192  stm32f10x_gpio.o(.text)
    GPIO_AFIODeInit                          0x080052a5   Thumb Code    22  stm32f10x_gpio.o(.text)
    GPIO_Init                                0x080052bb   Thumb Code   192  stm32f10x_gpio.o(.text)
    GPIO_StructInit                          0x0800537b   Thumb Code    16  stm32f10x_gpio.o(.text)
    GPIO_ReadInputDataBit                    0x0800538b   Thumb Code    14  stm32f10x_gpio.o(.text)
    GPIO_ReadInputData                       0x08005399   Thumb Code     6  stm32f10x_gpio.o(.text)
    GPIO_ReadOutputDataBit                   0x0800539f   Thumb Code    14  stm32f10x_gpio.o(.text)
    GPIO_ReadOutputData                      0x080053ad   Thumb Code     6  stm32f10x_gpio.o(.text)
    GPIO_SetBits                             0x080053b3   Thumb Code     4  stm32f10x_gpio.o(.text)
    GPIO_ResetBits                           0x080053b7   Thumb Code     4  stm32f10x_gpio.o(.text)
    GPIO_WriteBit                            0x080053bb   Thumb Code    10  stm32f10x_gpio.o(.text)
    GPIO_Write                               0x080053c5   Thumb Code     4  stm32f10x_gpio.o(.text)
    GPIO_PinLockConfig                       0x080053c9   Thumb Code    16  stm32f10x_gpio.o(.text)
    GPIO_EventOutputConfig                   0x080053d9   Thumb Code    22  stm32f10x_gpio.o(.text)
    GPIO_EventOutputCmd                      0x080053ef   Thumb Code     6  stm32f10x_gpio.o(.text)
    GPIO_PinRemapConfig                      0x080053f5   Thumb Code   112  stm32f10x_gpio.o(.text)
    GPIO_EXTILineConfig                      0x08005465   Thumb Code    40  stm32f10x_gpio.o(.text)
    GPIO_ETH_MediaInterfaceConfig            0x0800548d   Thumb Code     8  stm32f10x_gpio.o(.text)
    RCC_DeInit                               0x0800549d   Thumb Code    54  stm32f10x_rcc.o(.text)
    RCC_HSEConfig                            0x080054d3   Thumb Code    50  stm32f10x_rcc.o(.text)
    RCC_GetFlagStatus                        0x08005505   Thumb Code    42  stm32f10x_rcc.o(.text)
    RCC_WaitForHSEStartUp                    0x0800552f   Thumb Code    50  stm32f10x_rcc.o(.text)
    RCC_AdjustHSICalibrationValue            0x08005561   Thumb Code    16  stm32f10x_rcc.o(.text)
    RCC_HSICmd                               0x08005571   Thumb Code     6  stm32f10x_rcc.o(.text)
    RCC_PLLConfig                            0x08005577   Thumb Code    16  stm32f10x_rcc.o(.text)
    RCC_PLLCmd                               0x08005587   Thumb Code     6  stm32f10x_rcc.o(.text)
    RCC_SYSCLKConfig                         0x0800558d   Thumb Code    14  stm32f10x_rcc.o(.text)
    RCC_GetSYSCLKSource                      0x0800559b   Thumb Code    10  stm32f10x_rcc.o(.text)
    RCC_HCLKConfig                           0x080055a5   Thumb Code    14  stm32f10x_rcc.o(.text)
    RCC_PCLK1Config                          0x080055b3   Thumb Code    14  stm32f10x_rcc.o(.text)
    RCC_PCLK2Config                          0x080055c1   Thumb Code    16  stm32f10x_rcc.o(.text)
    RCC_ITConfig                             0x080055d1   Thumb Code    18  stm32f10x_rcc.o(.text)
    RCC_USBCLKConfig                         0x080055e3   Thumb Code     8  stm32f10x_rcc.o(.text)
    RCC_ADCCLKConfig                         0x080055eb   Thumb Code    14  stm32f10x_rcc.o(.text)
    RCC_LSEConfig                            0x080055f9   Thumb Code    30  stm32f10x_rcc.o(.text)
    RCC_LSICmd                               0x08005617   Thumb Code     6  stm32f10x_rcc.o(.text)
    RCC_RTCCLKConfig                         0x0800561d   Thumb Code    10  stm32f10x_rcc.o(.text)
    RCC_RTCCLKCmd                            0x08005627   Thumb Code     6  stm32f10x_rcc.o(.text)
    RCC_GetClocksFreq                        0x0800562d   Thumb Code   150  stm32f10x_rcc.o(.text)
    RCC_AHBPeriphClockCmd                    0x080056c3   Thumb Code    18  stm32f10x_rcc.o(.text)
    RCC_APB2PeriphClockCmd                   0x080056d5   Thumb Code    18  stm32f10x_rcc.o(.text)
    RCC_APB1PeriphClockCmd                   0x080056e7   Thumb Code    18  stm32f10x_rcc.o(.text)
    RCC_APB2PeriphResetCmd                   0x080056f9   Thumb Code    18  stm32f10x_rcc.o(.text)
    RCC_APB1PeriphResetCmd                   0x0800570b   Thumb Code    18  stm32f10x_rcc.o(.text)
    RCC_BackupResetCmd                       0x0800571d   Thumb Code     6  stm32f10x_rcc.o(.text)
    RCC_ClockSecuritySystemCmd               0x08005723   Thumb Code     6  stm32f10x_rcc.o(.text)
    RCC_MCOConfig                            0x08005729   Thumb Code     6  stm32f10x_rcc.o(.text)
    RCC_ClearFlag                            0x0800572f   Thumb Code    12  stm32f10x_rcc.o(.text)
    RCC_GetITStatus                          0x0800573b   Thumb Code    16  stm32f10x_rcc.o(.text)
    RCC_ClearITPendingBit                    0x0800574b   Thumb Code     6  stm32f10x_rcc.o(.text)
    USART_DeInit                             0x08005775   Thumb Code   148  stm32f10x_usart.o(.text)
    USART_Init                               0x08005809   Thumb Code   174  stm32f10x_usart.o(.text)
    USART_StructInit                         0x080058b7   Thumb Code    22  stm32f10x_usart.o(.text)
    USART_ClockInit                          0x080058cd   Thumb Code    36  stm32f10x_usart.o(.text)
    USART_ClockStructInit                    0x080058f1   Thumb Code    12  stm32f10x_usart.o(.text)
    USART_Cmd                                0x080058fd   Thumb Code    18  stm32f10x_usart.o(.text)
    USART_ITConfig                           0x0800590f   Thumb Code    48  stm32f10x_usart.o(.text)
    USART_DMACmd                             0x0800593f   Thumb Code    16  stm32f10x_usart.o(.text)
    USART_SetAddress                         0x0800594f   Thumb Code    16  stm32f10x_usart.o(.text)
    USART_WakeUpConfig                       0x0800595f   Thumb Code    16  stm32f10x_usart.o(.text)
    USART_ReceiverWakeUpCmd                  0x0800596f   Thumb Code    18  stm32f10x_usart.o(.text)
    USART_LINBreakDetectLengthConfig         0x08005981   Thumb Code    16  stm32f10x_usart.o(.text)
    USART_LINCmd                             0x08005991   Thumb Code    18  stm32f10x_usart.o(.text)
    USART_SendData                           0x080059a3   Thumb Code     8  stm32f10x_usart.o(.text)
    USART_ReceiveData                        0x080059ab   Thumb Code     8  stm32f10x_usart.o(.text)
    USART_SendBreak                          0x080059b3   Thumb Code    10  stm32f10x_usart.o(.text)
    USART_SetGuardTime                       0x080059bd   Thumb Code    16  stm32f10x_usart.o(.text)
    USART_SetPrescaler                       0x080059cd   Thumb Code    16  stm32f10x_usart.o(.text)
    USART_SmartCardCmd                       0x080059dd   Thumb Code    18  stm32f10x_usart.o(.text)
    USART_SmartCardNACKCmd                   0x080059ef   Thumb Code    18  stm32f10x_usart.o(.text)
    USART_HalfDuplexCmd                      0x08005a01   Thumb Code    18  stm32f10x_usart.o(.text)
    USART_OverSampling8Cmd                   0x08005a13   Thumb Code    18  stm32f10x_usart.o(.text)
    USART_OneBitMethodCmd                    0x08005a25   Thumb Code    18  stm32f10x_usart.o(.text)
    USART_IrDAConfig                         0x08005a37   Thumb Code    16  stm32f10x_usart.o(.text)
    USART_IrDACmd                            0x08005a47   Thumb Code    18  stm32f10x_usart.o(.text)
    USART_GetFlagStatus                      0x08005a59   Thumb Code    14  stm32f10x_usart.o(.text)
    USART_ClearFlag                          0x08005a67   Thumb Code     6  stm32f10x_usart.o(.text)
    USART_GetITStatus                        0x08005a6d   Thumb Code    66  stm32f10x_usart.o(.text)
    USART_ClearITPendingBit                  0x08005aaf   Thumb Code    14  stm32f10x_usart.o(.text)
    NVIC_PriorityGroupConfig                 0x08005ac1   Thumb Code    14  misc.o(.text)
    NVIC_Init                                0x08005acf   Thumb Code   114  misc.o(.text)
    NVIC_SetVectorTable                      0x08005b41   Thumb Code    16  misc.o(.text)
    NVIC_SystemLPConfig                      0x08005b51   Thumb Code    18  misc.o(.text)
    SysTick_CLKSourceConfig                  0x08005b63   Thumb Code    22  misc.o(.text)
    TIM_DeInit                               0x08005b85   Thumb Code   482  stm32f10x_tim.o(.text)
    TIM_TimeBaseInit                         0x08005d67   Thumb Code   148  stm32f10x_tim.o(.text)
    TIM_OC1Init                              0x08005dfb   Thumb Code   132  stm32f10x_tim.o(.text)
    TIM_OC2Init                              0x08005e7f   Thumb Code   134  stm32f10x_tim.o(.text)
    TIM_OC3Init                              0x08005f05   Thumb Code   132  stm32f10x_tim.o(.text)
    TIM_OC4Init                              0x08005f89   Thumb Code   106  stm32f10x_tim.o(.text)
    TIM_SetIC4Prescaler                      0x08005ff3   Thumb Code    24  stm32f10x_tim.o(.text)
    TIM_SetIC3Prescaler                      0x0800600b   Thumb Code    16  stm32f10x_tim.o(.text)
    TIM_SetIC2Prescaler                      0x0800601b   Thumb Code    24  stm32f10x_tim.o(.text)
    TIM_SetIC1Prescaler                      0x080060af   Thumb Code    16  stm32f10x_tim.o(.text)
    TIM_ICInit                               0x080060bf   Thumb Code   326  stm32f10x_tim.o(.text)
    TIM_PWMIConfig                           0x08006205   Thumb Code   158  stm32f10x_tim.o(.text)
    TIM_BDTRConfig                           0x080062a3   Thumb Code    36  stm32f10x_tim.o(.text)
    TIM_TimeBaseStructInit                   0x080062c7   Thumb Code    18  stm32f10x_tim.o(.text)
    TIM_OCStructInit                         0x080062d9   Thumb Code    20  stm32f10x_tim.o(.text)
    TIM_ICStructInit                         0x080062ed   Thumb Code    16  stm32f10x_tim.o(.text)
    TIM_BDTRStructInit                       0x080062fd   Thumb Code    18  stm32f10x_tim.o(.text)
    TIM_Cmd                                  0x0800630f   Thumb Code    18  stm32f10x_tim.o(.text)
    TIM_CtrlPWMOutputs                       0x08006321   Thumb Code    22  stm32f10x_tim.o(.text)
    TIM_ITConfig                             0x08006337   Thumb Code    16  stm32f10x_tim.o(.text)
    TIM_GenerateEvent                        0x08006347   Thumb Code     4  stm32f10x_tim.o(.text)
    TIM_DMAConfig                            0x0800634b   Thumb Code     8  stm32f10x_tim.o(.text)
    TIM_DMACmd                               0x08006353   Thumb Code    16  stm32f10x_tim.o(.text)
    TIM_InternalClockConfig                  0x08006363   Thumb Code    10  stm32f10x_tim.o(.text)
    TIM_SelectInputTrigger                   0x0800636d   Thumb Code    12  stm32f10x_tim.o(.text)
    TIM_ITRxExternalClockConfig              0x08006379   Thumb Code    20  stm32f10x_tim.o(.text)
    TIM_TIxExternalClockConfig               0x0800638d   Thumb Code    48  stm32f10x_tim.o(.text)
    TIM_ETRConfig                            0x080063bd   Thumb Code    32  stm32f10x_tim.o(.text)
    TIM_ETRClockMode1Config                  0x080063dd   Thumb Code    40  stm32f10x_tim.o(.text)
    TIM_ETRClockMode2Config                  0x08006405   Thumb Code    40  stm32f10x_tim.o(.text)
    TIM_PrescalerConfig                      0x0800642d   Thumb Code     6  stm32f10x_tim.o(.text)
    TIM_CounterModeConfig                    0x08006433   Thumb Code    12  stm32f10x_tim.o(.text)
    TIM_EncoderInterfaceConfig               0x0800643f   Thumb Code    60  stm32f10x_tim.o(.text)
    TIM_ForcedOC1Config                      0x0800647b   Thumb Code    12  stm32f10x_tim.o(.text)
    TIM_ForcedOC2Config                      0x08006487   Thumb Code    20  stm32f10x_tim.o(.text)
    TIM_ForcedOC3Config                      0x0800649b   Thumb Code    12  stm32f10x_tim.o(.text)
    TIM_ForcedOC4Config                      0x080064a7   Thumb Code    20  stm32f10x_tim.o(.text)
    TIM_ARRPreloadConfig                     0x080064bb   Thumb Code    18  stm32f10x_tim.o(.text)
    TIM_SelectCOM                            0x080064cd   Thumb Code    18  stm32f10x_tim.o(.text)
    TIM_SelectCCDMA                          0x080064df   Thumb Code    18  stm32f10x_tim.o(.text)
    TIM_CCPreloadControl                     0x080064f1   Thumb Code    18  stm32f10x_tim.o(.text)
    TIM_OC1PreloadConfig                     0x08006503   Thumb Code    12  stm32f10x_tim.o(.text)
    TIM_OC2PreloadConfig                     0x0800650f   Thumb Code    20  stm32f10x_tim.o(.text)
    TIM_OC3PreloadConfig                     0x08006523   Thumb Code    12  stm32f10x_tim.o(.text)
    TIM_OC4PreloadConfig                     0x0800652f   Thumb Code    20  stm32f10x_tim.o(.text)
    TIM_OC1FastConfig                        0x08006543   Thumb Code    12  stm32f10x_tim.o(.text)
    TIM_OC2FastConfig                        0x0800654f   Thumb Code    20  stm32f10x_tim.o(.text)
    TIM_OC3FastConfig                        0x08006563   Thumb Code    12  stm32f10x_tim.o(.text)
    TIM_OC4FastConfig                        0x0800656f   Thumb Code    20  stm32f10x_tim.o(.text)
    TIM_ClearOC1Ref                          0x08006583   Thumb Code    12  stm32f10x_tim.o(.text)
    TIM_ClearOC2Ref                          0x0800658f   Thumb Code    20  stm32f10x_tim.o(.text)
    TIM_ClearOC3Ref                          0x080065a3   Thumb Code    12  stm32f10x_tim.o(.text)
    TIM_ClearOC4Ref                          0x080065af   Thumb Code    20  stm32f10x_tim.o(.text)
    TIM_OC1PolarityConfig                    0x080065c3   Thumb Code    12  stm32f10x_tim.o(.text)
    TIM_OC1NPolarityConfig                   0x080065cf   Thumb Code    12  stm32f10x_tim.o(.text)
    TIM_OC2PolarityConfig                    0x080065db   Thumb Code    20  stm32f10x_tim.o(.text)
    TIM_OC2NPolarityConfig                   0x080065ef   Thumb Code    20  stm32f10x_tim.o(.text)
    TIM_OC3PolarityConfig                    0x08006603   Thumb Code    20  stm32f10x_tim.o(.text)
    TIM_OC3NPolarityConfig                   0x08006617   Thumb Code    20  stm32f10x_tim.o(.text)
    TIM_OC4PolarityConfig                    0x0800662b   Thumb Code    20  stm32f10x_tim.o(.text)
    TIM_CCxCmd                               0x0800663f   Thumb Code    26  stm32f10x_tim.o(.text)
    TIM_CCxNCmd                              0x08006659   Thumb Code    26  stm32f10x_tim.o(.text)
    TIM_SelectOCxM                           0x08006673   Thumb Code    88  stm32f10x_tim.o(.text)
    TIM_UpdateDisableConfig                  0x080066cb   Thumb Code    18  stm32f10x_tim.o(.text)
    TIM_UpdateRequestConfig                  0x080066dd   Thumb Code    18  stm32f10x_tim.o(.text)
    TIM_SelectHallSensor                     0x080066ef   Thumb Code    18  stm32f10x_tim.o(.text)
    TIM_SelectOnePulseMode                   0x08006701   Thumb Code    16  stm32f10x_tim.o(.text)
    TIM_SelectOutputTrigger                  0x08006711   Thumb Code    16  stm32f10x_tim.o(.text)
    TIM_SelectSlaveMode                      0x08006721   Thumb Code    16  stm32f10x_tim.o(.text)
    TIM_SelectMasterSlaveMode                0x08006731   Thumb Code    16  stm32f10x_tim.o(.text)
    TIM_SetCounter                           0x08006741   Thumb Code     4  stm32f10x_tim.o(.text)
    TIM_SetAutoreload                        0x08006745   Thumb Code     4  stm32f10x_tim.o(.text)
    TIM_SetCompare1                          0x08006749   Thumb Code     4  stm32f10x_tim.o(.text)
    TIM_SetCompare2                          0x0800674d   Thumb Code     4  stm32f10x_tim.o(.text)
    TIM_SetCompare3                          0x08006751   Thumb Code     4  stm32f10x_tim.o(.text)
    TIM_SetCompare4                          0x08006755   Thumb Code     6  stm32f10x_tim.o(.text)
    TIM_SetClockDivision                     0x0800675b   Thumb Code    16  stm32f10x_tim.o(.text)
    TIM_GetCapture1                          0x0800676b   Thumb Code     4  stm32f10x_tim.o(.text)
    TIM_GetCapture2                          0x0800676f   Thumb Code     4  stm32f10x_tim.o(.text)
    TIM_GetCapture3                          0x08006773   Thumb Code     4  stm32f10x_tim.o(.text)
    TIM_GetCapture4                          0x08006777   Thumb Code     6  stm32f10x_tim.o(.text)
    TIM_GetCounter                           0x0800677d   Thumb Code     4  stm32f10x_tim.o(.text)
    TIM_GetPrescaler                         0x08006781   Thumb Code     4  stm32f10x_tim.o(.text)
    TIM_GetFlagStatus                        0x08006785   Thumb Code    14  stm32f10x_tim.o(.text)
    TIM_ClearFlag                            0x08006793   Thumb Code     6  stm32f10x_tim.o(.text)
    TIM_GetITStatus                          0x08006799   Thumb Code    22  stm32f10x_tim.o(.text)
    TIM_ClearITPendingBit                    0x080067af   Thumb Code     6  stm32f10x_tim.o(.text)
    DMA_DeInit                               0x08006831   Thumb Code   206  stm32f10x_dma.o(.text)
    DMA_Init                                 0x080068ff   Thumb Code    82  stm32f10x_dma.o(.text)
    DMA_StructInit                           0x08006951   Thumb Code    26  stm32f10x_dma.o(.text)
    DMA_Cmd                                  0x0800696b   Thumb Code    20  stm32f10x_dma.o(.text)
    DMA_ITConfig                             0x0800697f   Thumb Code    16  stm32f10x_dma.o(.text)
    DMA_SetCurrDataCounter                   0x0800698f   Thumb Code     4  stm32f10x_dma.o(.text)
    DMA_GetCurrDataCounter                   0x08006993   Thumb Code     6  stm32f10x_dma.o(.text)
    DMA_GetFlagStatus                        0x08006999   Thumb Code    24  stm32f10x_dma.o(.text)
    DMA_ClearFlag                            0x080069b1   Thumb Code    16  stm32f10x_dma.o(.text)
    DMA_GetITStatus                          0x080069c1   Thumb Code    24  stm32f10x_dma.o(.text)
    DMA_ClearITPendingBit                    0x080069d9   Thumb Code    16  stm32f10x_dma.o(.text)
    EXTI_DeInit                              0x08006a25   Thumb Code    26  stm32f10x_exti.o(.text)
    EXTI_Init                                0x08006a3f   Thumb Code   136  stm32f10x_exti.o(.text)
    EXTI_StructInit                          0x08006ac7   Thumb Code    14  stm32f10x_exti.o(.text)
    EXTI_GenerateSWInterrupt                 0x08006ad5   Thumb Code    10  stm32f10x_exti.o(.text)
    EXTI_GetFlagStatus                       0x08006adf   Thumb Code    16  stm32f10x_exti.o(.text)
    EXTI_ClearFlag                           0x08006aef   Thumb Code     6  stm32f10x_exti.o(.text)
    EXTI_GetITStatus                         0x08006af5   Thumb Code    24  stm32f10x_exti.o(.text)
    EXTI_ClearITPendingBit                   0x08006b0d   Thumb Code     6  stm32f10x_exti.o(.text)
    sim_at_response                          0x08006b29   Thumb Code    40  sim800c.o(.text)
    sim800c_check_cmd                        0x08006b51   Thumb Code    36  sim800c.o(.text)
    sendCommand                              0x08006b75   Thumb Code   100  sim800c.o(.text)
    sim800c_chr2hex                          0x08006bd9   Thumb Code    42  sim800c.o(.text)
    sim800c_hex2chr                          0x08006c03   Thumb Code    26  sim800c.o(.text)
    Send_Text_Sms                            0x08006c1d   Thumb Code   312  sim800c.o(.text)
    __use_no_semihosting                     0x08006e65   Thumb Code     2  use_no_semi_2.o(.text)
    __aeabi_ldivmod                          0x08006e67   Thumb Code     0  llsdiv.o(.text)
    _ll_sdiv                                 0x08006e67   Thumb Code    72  llsdiv.o(.text)
    __c89vsprintf                            0x08006eb1   Thumb Code    32  c89vsprintf.o(.text)
    __2printf                                0x08006ed5   Thumb Code    20  __2printf.o(.text)
    __2sprintf                               0x08006eed   Thumb Code    38  __2sprintf.o(.text)
    _printf_pre_padding                      0x08006f19   Thumb Code    44  _printf_pad.o(.text)
    _printf_post_padding                     0x08006f45   Thumb Code    34  _printf_pad.o(.text)
    _printf_str                              0x08006f67   Thumb Code    82  _printf_str.o(.text)
    _printf_int_dec                          0x08006fb9   Thumb Code   100  _printf_dec.o(.text)
    _printf_longlong_hex                     0x0800702d   Thumb Code    86  _printf_hex_int_ll_ptr.o(.text)
    _printf_int_hex                          0x08007083   Thumb Code    28  _printf_hex_int_ll_ptr.o(.text)
    _printf_ll_hex                           0x0800709f   Thumb Code    12  _printf_hex_int_ll_ptr.o(.text)
    _printf_hex_ptr                          0x080070ab   Thumb Code    18  _printf_hex_int_ll_ptr.o(.text)
    __printf                                 0x080070c1   Thumb Code   388  __printf_flags_ss_wp.o(.text)
    strstr                                   0x08007249   Thumb Code    36  strstr.o(.text)
    memcmp                                   0x0800726d   Thumb Code    88  memcmp.o(.text)
    strlen                                   0x080072c5   Thumb Code    62  strlen.o(.text)
    strcat                                   0x08007303   Thumb Code    24  strcat.o(.text)
    __aeabi_memclr4                          0x0800731b   Thumb Code     0  rt_memclr_w.o(.text)
    __aeabi_memclr8                          0x0800731b   Thumb Code     0  rt_memclr_w.o(.text)
    __rt_memclr_w                            0x0800731b   Thumb Code    78  rt_memclr_w.o(.text)
    _memset_w                                0x0800731f   Thumb Code     0  rt_memclr_w.o(.text)
    __use_two_region_memory                  0x08007369   Thumb Code     2  heapauxi.o(.text)
    __rt_heap_escrow$2region                 0x0800736b   Thumb Code     2  heapauxi.o(.text)
    __rt_heap_expand$2region                 0x0800736d   Thumb Code     2  heapauxi.o(.text)
    __I$use$semihosting                      0x0800736f   Thumb Code     0  use_no_semi.o(.text)
    __use_no_semihosting_swi                 0x0800736f   Thumb Code     2  use_no_semi.o(.text)
    __aeabi_uldivmod                         0x08007371   Thumb Code     0  lludivv7m.o(.text)
    _ll_udiv                                 0x08007371   Thumb Code   238  lludivv7m.o(.text)
    __read_errno                             0x0800745f   Thumb Code    10  _rserrno.o(.text)
    __set_errno                              0x08007469   Thumb Code    12  _rserrno.o(.text)
    _printf_truncate_signed                  0x08007475   Thumb Code    18  _printf_truncate.o(.text)
    _printf_truncate_unsigned                0x08007487   Thumb Code    18  _printf_truncate.o(.text)
    _printf_int_common                       0x08007499   Thumb Code   178  _printf_intcommon.o(.text)
    _printf_charcount                        0x0800754b   Thumb Code    40  _printf_charcount.o(.text)
    __lib_sel_fp_printf                      0x08007573   Thumb Code     2  _printf_fp_dec.o(.text)
    _printf_fp_dec_real                      0x08007721   Thumb Code   616  _printf_fp_dec.o(.text)
    _printf_char_common                      0x08007993   Thumb Code    32  _printf_char_common.o(.text)
    _sputc                                   0x080079b9   Thumb Code    10  _sputc.o(.text)
    _printf_cs_common                        0x080079c3   Thumb Code    20  _printf_char.o(.text)
    _printf_char                             0x080079d7   Thumb Code    16  _printf_char.o(.text)
    _printf_string                           0x080079e7   Thumb Code     8  _printf_char.o(.text)
    _printf_char_file                        0x080079f1   Thumb Code    32  _printf_char_file.o(.text)
    _printf_wctomb                           0x08007a15   Thumb Code   182  _printf_wctomb.o(.text)
    _printf_longlong_dec                     0x08007ad1   Thumb Code   104  _printf_longlong_dec.o(.text)
    _printf_longlong_oct                     0x08007b49   Thumb Code    68  _printf_oct_int_ll.o(.text)
    _printf_int_oct                          0x08007b8d   Thumb Code    24  _printf_oct_int_ll.o(.text)
    _printf_ll_oct                           0x08007ba5   Thumb Code    12  _printf_oct_int_ll.o(.text)
    __rt_locale                              0x08007bb9   Thumb Code     8  rt_locale_intlibspace.o(.text)
    __aeabi_errno_addr                       0x08007bc1   Thumb Code     8  rt_errno_addr_intlibspace.o(.text)
    __errno$intlibspace                      0x08007bc1   Thumb Code     0  rt_errno_addr_intlibspace.o(.text)
    __rt_errno_addr$intlibspace              0x08007bc1   Thumb Code     0  rt_errno_addr_intlibspace.o(.text)
    _ll_udiv10                               0x08007bc9   Thumb Code   138  lludiv10.o(.text)
    _printf_fp_infnan                        0x08007c55   Thumb Code   112  _printf_fp_infnan.o(.text)
    _printf_lcs_common                       0x08007cd5   Thumb Code    20  _printf_wchar.o(.text)
    _printf_wchar                            0x08007ce9   Thumb Code    16  _printf_wchar.o(.text)
    _printf_wstring                          0x08007cf9   Thumb Code     8  _printf_wchar.o(.text)
    _btod_etento                             0x08007d01   Thumb Code   212  bigflt0.o(.text)
    ferror                                   0x08007dd9   Thumb Code     8  ferror.o(.text)
    _wcrtomb                                 0x08007de1   Thumb Code    64  _wcrtomb.o(.text)
    __user_libspace                          0x08007e21   Thumb Code     8  libspace.o(.text)
    __user_perproc_libspace                  0x08007e21   Thumb Code     0  libspace.o(.text)
    __user_perthread_libspace                0x08007e21   Thumb Code     0  libspace.o(.text)
    __user_setup_stackheap                   0x08007e29   Thumb Code    74  sys_stackheap_outer.o(.text)
    __rt_ctype_table                         0x08007e75   Thumb Code    16  rt_ctype_table.o(.text)
    exit                                     0x08007e85   Thumb Code    12  exit.o(.text)
    strcmp                                   0x08007e91   Thumb Code   128  strcmpv7m.o(.text)
    _btod_d2e                                0x08007f11   Thumb Code    62  btod.o(CL$$btod_d2e)
    _d2e_denorm_low                          0x08007f4f   Thumb Code    70  btod.o(CL$$btod_d2e_denorm_low)
    _d2e_norm_op1                            0x08007f95   Thumb Code    96  btod.o(CL$$btod_d2e_norm_op1)
    __btod_div_common                        0x08007ff5   Thumb Code   696  btod.o(CL$$btod_div_common)
    _e2e                                     0x0800832d   Thumb Code   198  btod.o(CL$$btod_e2e)
    _btod_ediv                               0x080083f3   Thumb Code    40  btod.o(CL$$btod_ediv)
    _btod_emul                               0x0800841b   Thumb Code    40  btod.o(CL$$btod_emul)
    __btod_mult_common                       0x08008443   Thumb Code   580  btod.o(CL$$btod_mult_common)
    __ARM_fpclassify                         0x08008687   Thumb Code    40  fpclassify.o(i.__ARM_fpclassify)
    __kernel_poly                            0x080086af   Thumb Code   170  poly.o(i.__kernel_poly)
    __mathlib_dbl_underflow                  0x08008759   Thumb Code    10  dunder.o(i.__mathlib_dbl_underflow)
    _is_digit                                0x08008769   Thumb Code    14  __printf_wp.o(i._is_digit)
    asin                                     0x08008779   Thumb Code   584  asin.o(i.asin)
    atan                                     0x080089f5   Thumb Code   478  atan.o(i.atan)
    atan2                                    0x08008c19   Thumb Code   346  atan2.o(i.atan2)
    sqrt                                     0x08008d99   Thumb Code    76  sqrt.o(i.sqrt)
    _get_lc_numeric                          0x08008de5   Thumb Code    44  lc_numeric_c.o(locale$$code)
    _get_lc_ctype                            0x08008e11   Thumb Code    44  lc_ctype_c.o(locale$$code)
    __aeabi_d2f                              0x08008e3d   Thumb Code     0  d2f.o(x$fpl$d2f)
    _d2f                                     0x08008e3d   Thumb Code    98  d2f.o(x$fpl$d2f)
    __aeabi_dadd                             0x08008ea1   Thumb Code     0  daddsub_clz.o(x$fpl$dadd)
    _dadd                                    0x08008ea1   Thumb Code   332  daddsub_clz.o(x$fpl$dadd)
    __fpl_dcheck_NaN1                        0x08008ff1   Thumb Code    10  dcheck1.o(x$fpl$dcheck1)
    __aeabi_ddiv                             0x08009001   Thumb Code     0  ddiv.o(x$fpl$ddiv)
    _ddiv                                    0x08009001   Thumb Code   552  ddiv.o(x$fpl$ddiv)
    __aeabi_i2d                              0x080092b1   Thumb Code     0  dflt_clz.o(x$fpl$dflt)
    _dflt                                    0x080092b1   Thumb Code    46  dflt_clz.o(x$fpl$dflt)
    __aeabi_dmul                             0x080092e1   Thumb Code     0  dmul.o(x$fpl$dmul)
    _dmul                                    0x080092e1   Thumb Code   332  dmul.o(x$fpl$dmul)
    __fpl_dnaninf                            0x08009435   Thumb Code   156  dnaninf.o(x$fpl$dnaninf)
    __fpl_dretinf                            0x080094d1   Thumb Code    12  dretinf.o(x$fpl$dretinf)
    __aeabi_drsub                            0x080094dd   Thumb Code     0  daddsub_clz.o(x$fpl$drsb)
    _drsb                                    0x080094dd   Thumb Code    22  daddsub_clz.o(x$fpl$drsb)
    _dsqrt                                   0x080094f5   Thumb Code   456  dsqrt_noumaal.o(x$fpl$dsqrt)
    __aeabi_dsub                             0x080096c1   Thumb Code     0  daddsub_clz.o(x$fpl$dsub)
    _dsub                                    0x080096c1   Thumb Code   464  daddsub_clz.o(x$fpl$dsub)
    __aeabi_f2d                              0x08009895   Thumb Code     0  f2d.o(x$fpl$f2d)
    _f2d                                     0x08009895   Thumb Code    86  f2d.o(x$fpl$f2d)
    __aeabi_fadd                             0x080098ed   Thumb Code     0  faddsub_clz.o(x$fpl$fadd)
    _fadd                                    0x080098ed   Thumb Code   196  faddsub_clz.o(x$fpl$fadd)
    __fpl_fcheck_NaN1                        0x080099b1   Thumb Code     6  fcheck1.o(x$fpl$fcheck1)
    __aeabi_fdiv                             0x080099bd   Thumb Code     0  fdiv.o(x$fpl$fdiv)
    _fdiv                                    0x080099bd   Thumb Code   384  fdiv.o(x$fpl$fdiv)
    __aeabi_f2iz                             0x08009b41   Thumb Code     0  ffix.o(x$fpl$ffix)
    _ffix                                    0x08009b41   Thumb Code    54  ffix.o(x$fpl$ffix)
    __aeabi_f2uiz                            0x08009b79   Thumb Code     0  ffixu.o(x$fpl$ffixu)
    _ffixu                                   0x08009b79   Thumb Code    62  ffixu.o(x$fpl$ffixu)
    __aeabi_i2f                              0x08009bb9   Thumb Code     0  fflt_clz.o(x$fpl$fflt)
    _fflt                                    0x08009bb9   Thumb Code    48  fflt_clz.o(x$fpl$fflt)
    __aeabi_ui2f                             0x08009be9   Thumb Code     0  fflt_clz.o(x$fpl$ffltu)
    _ffltu                                   0x08009be9   Thumb Code    38  fflt_clz.o(x$fpl$ffltu)
    __aeabi_fmul                             0x08009c11   Thumb Code     0  fmul.o(x$fpl$fmul)
    _fmul                                    0x08009c11   Thumb Code   258  fmul.o(x$fpl$fmul)
    __fpl_fnaninf                            0x08009d13   Thumb Code   140  fnaninf.o(x$fpl$fnaninf)
    __fpl_fretinf                            0x08009d9f   Thumb Code    10  fretinf.o(x$fpl$fretinf)
    __aeabi_fsub                             0x08009da9   Thumb Code     0  faddsub_clz.o(x$fpl$fsub)
    _fsub                                    0x08009da9   Thumb Code   234  faddsub_clz.o(x$fpl$fsub)
    _printf_fp_dec                           0x08009e93   Thumb Code     4  printf1.o(x$fpl$printf1)
    __fpl_return_NaN                         0x08009e97   Thumb Code   100  retnan.o(x$fpl$retnan)
    __ARM_scalbn                             0x08009efb   Thumb Code    92  scalbn.o(x$fpl$scalbn)
    __ARM_scalbnf                            0x08009f57   Thumb Code    76  scalbnf.o(x$fpl$scalbnf)
    __fpl_cmpreturn                          0x08009fa3   Thumb Code    48  trapv.o(x$fpl$trapveneer)
    __I$use$fp                               0x08009fd2   Number         0  usenofp.o(x$fpl$usenofp)
    BAUD_id                                  0x08009fd4   Data          36  gps.o(.constdata)
    reg                                      0x08009ff8   Data          27  inv_mpu.o(.constdata)
    hw                                       0x0800a014   Data          12  inv_mpu.o(.constdata)
    test                                     0x0800a020   Data          40  inv_mpu.o(.constdata)
    __mathlib_zero                           0x0800add0   Data           8  qnan.o(.constdata)
    Region$$Table$$Base                      0x0800af00   Number         0  anon$$obj.o(Region$$Table)
    Region$$Table$$Limit                     0x0800af20   Number         0  anon$$obj.o(Region$$Table)
    __ctype                                  0x0800af49   Data           0  lc_ctype_c.o(locale$$data)
    mes                                      0x20000000   Data           1  main.o(.data)
    hlp                                      0x20000001   Data           1  main.o(.data)
    sendCom                                  0x20000002   Data           2  main.o(.data)
    fixmode_tbl                              0x20000004   Data          16  main.o(.data)
    OneNetServer                             0x20000014   Data          14  main.o(.data)
    device_id                                0x20000022   Data          10  main.o(.data)
    API_KEY                                  0x2000002c   Data          29  main.o(.data)
    sensor_gps                               0x20000049   Data           9  main.o(.data)
    SystemCoreClock                          0x20000054   Data           4  system_stm32f10x.o(.data)
    AHBPrescTable                            0x20000058   Data          16  system_stm32f10x.o(.data)
    point2                                   0x20000068   Data           2  usart2.o(.data)
    USART2_RX_STA                            0x2000006a   Data           2  usart2.o(.data)
    USART3_RX_STA                            0x2000006c   Data           2  usart3.o(.data)
    TIM2CH1_CAPTURE_STA                      0x200000a6   Data           1  timer.o(.data)
    TIM2CH1_CAPTURE_VAL                      0x200000a8   Data           2  timer.o(.data)
    USART_RX_STA                             0x200000ae   Data           2  usart.o(.data)
    __stdout                                 0x200000b0   Data           4  usart.o(.data)
    sendCom1                                 0x200000c8   Data           2  sim800c.o(.data)
    Time_Cont                                0x200000cc   Data           4  sim800c.o(.data)
    USART1_TX_BUF                            0x200000dc   Data        1024  main.o(.bss)
    gpsx                                     0x200004dc   Data         166  main.o(.bss)
    dtbuf                                    0x20000584   Data          50  main.o(.bss)
    USART2_TX_BUF                            0x200005b8   Data        1024  usart2.o(.bss)
    USART2_RX_BUF                            0x200009b8   Data        1024  usart2.o(.bss)
    USART3_TX_BUF                            0x20000db8   Data        1024  usart3.o(.bss)
    USART3_RX_BUF                            0x200011b8   Data        1024  usart3.o(.bss)
    TIM2_ICInitStructure                     0x200015c8   Data          10  timer.o(.bss)
    USART_RX_BUF                             0x200015d2   Data         200  usart.o(.bss)
    __libspace_start                         0x2000169c   Data          96  libspace.o(.bss)
    __temporary_stack_top$libspace           0x200016fc   Data           0  libspace.o(.bss)



==============================================================================

Memory Map of the image

  Image Entry point : 0x08000131

  Load Region LR_IROM1 (Base: 0x08000000, Size: 0x0000b128, Max: 0x00040000, ABSOLUTE)

    Execution Region ER_IROM1 (Base: 0x08000000, Size: 0x0000b04c, Max: 0x00040000, ABSOLUTE)

    Base Addr    Size         Type   Attr      Idx    E Section Name        Object

    0x08000000   0x00000130   Data   RO          442    RESET               startup_stm32f10x_hd.o
    0x08000130   0x00000008   Code   RO          647  * !!!main             c_w.l(__main.o)
    0x08000138   0x00000034   Code   RO         1039    !!!scatter          c_w.l(__scatter.o)
    0x0800016c   0x0000001a   Code   RO         1041    !!handler_copy      c_w.l(__scatter_copy.o)
    0x08000186   0x00000002   PAD
    0x08000188   0x0000001c   Code   RO         1043    !!handler_zi        c_w.l(__scatter_zi.o)
    0x080001a4   0x00000000   Code   RO          634    .ARM.Collect$$_printf_percent$$00000000  c_w.l(_printf_percent.o)
    0x080001a4   0x00000006   Code   RO          753    .ARM.Collect$$_printf_percent$$00000001  c_w.l(_printf_n.o)
    0x080001aa   0x00000006   Code   RO          754    .ARM.Collect$$_printf_percent$$00000002  c_w.l(_printf_p.o)
    0x080001b0   0x00000006   Code   RO          633    .ARM.Collect$$_printf_percent$$00000003  c_w.l(_printf_f.o)
    0x080001b6   0x00000006   Code   RO          758    .ARM.Collect$$_printf_percent$$00000004  c_w.l(_printf_e.o)
    0x080001bc   0x00000006   Code   RO          759    .ARM.Collect$$_printf_percent$$00000005  c_w.l(_printf_g.o)
    0x080001c2   0x00000006   Code   RO          760    .ARM.Collect$$_printf_percent$$00000006  c_w.l(_printf_a.o)
    0x080001c8   0x0000000a   Code   RO          765    .ARM.Collect$$_printf_percent$$00000007  c_w.l(_printf_ll.o)
    0x080001d2   0x00000006   Code   RO          756    .ARM.Collect$$_printf_percent$$00000008  c_w.l(_printf_i.o)
    0x080001d8   0x00000006   Code   RO          632    .ARM.Collect$$_printf_percent$$00000009  c_w.l(_printf_d.o)
    0x080001de   0x00000006   Code   RO          757    .ARM.Collect$$_printf_percent$$0000000A  c_w.l(_printf_u.o)
    0x080001e4   0x00000006   Code   RO          755    .ARM.Collect$$_printf_percent$$0000000B  c_w.l(_printf_o.o)
    0x080001ea   0x00000006   Code   RO          631    .ARM.Collect$$_printf_percent$$0000000C  c_w.l(_printf_x.o)
    0x080001f0   0x00000006   Code   RO          762    .ARM.Collect$$_printf_percent$$0000000D  c_w.l(_printf_lli.o)
    0x080001f6   0x00000006   Code   RO          763    .ARM.Collect$$_printf_percent$$0000000E  c_w.l(_printf_lld.o)
    0x080001fc   0x00000006   Code   RO          764    .ARM.Collect$$_printf_percent$$0000000F  c_w.l(_printf_llu.o)
    0x08000202   0x00000006   Code   RO          769    .ARM.Collect$$_printf_percent$$00000010  c_w.l(_printf_llo.o)
    0x08000208   0x00000006   Code   RO          770    .ARM.Collect$$_printf_percent$$00000011  c_w.l(_printf_llx.o)
    0x0800020e   0x0000000a   Code   RO          766    .ARM.Collect$$_printf_percent$$00000012  c_w.l(_printf_l.o)
    0x08000218   0x00000006   Code   RO          629    .ARM.Collect$$_printf_percent$$00000013  c_w.l(_printf_c.o)
    0x0800021e   0x00000006   Code   RO          630    .ARM.Collect$$_printf_percent$$00000014  c_w.l(_printf_s.o)
    0x08000224   0x00000006   Code   RO          767    .ARM.Collect$$_printf_percent$$00000015  c_w.l(_printf_lc.o)
    0x0800022a   0x00000006   Code   RO          768    .ARM.Collect$$_printf_percent$$00000016  c_w.l(_printf_ls.o)
    0x08000230   0x00000004   Code   RO          761    .ARM.Collect$$_printf_percent$$00000017  c_w.l(_printf_percent_end.o)
    0x08000234   0x00000002   Code   RO          908    .ARM.Collect$$libinit$$00000000  c_w.l(libinit.o)
    0x08000236   0x00000000   Code   RO          910    .ARM.Collect$$libinit$$00000002  c_w.l(libinit2.o)
    0x08000236   0x00000000   Code   RO          913    .ARM.Collect$$libinit$$00000008  c_w.l(libinit2.o)
    0x08000236   0x00000000   Code   RO          915    .ARM.Collect$$libinit$$0000000A  c_w.l(libinit2.o)
    0x08000236   0x00000000   Code   RO          917    .ARM.Collect$$libinit$$0000000C  c_w.l(libinit2.o)
    0x08000236   0x00000006   Code   RO          918    .ARM.Collect$$libinit$$0000000D  c_w.l(libinit2.o)
    0x0800023c   0x00000000   Code   RO          920    .ARM.Collect$$libinit$$0000000F  c_w.l(libinit2.o)
    0x0800023c   0x0000000c   Code   RO          921    .ARM.Collect$$libinit$$00000010  c_w.l(libinit2.o)
    0x08000248   0x00000000   Code   RO          922    .ARM.Collect$$libinit$$00000011  c_w.l(libinit2.o)
    0x08000248   0x00000000   Code   RO          924    .ARM.Collect$$libinit$$00000013  c_w.l(libinit2.o)
    0x08000248   0x0000000a   Code   RO          925    .ARM.Collect$$libinit$$00000014  c_w.l(libinit2.o)
    0x08000252   0x00000000   Code   RO          926    .ARM.Collect$$libinit$$00000015  c_w.l(libinit2.o)
    0x08000252   0x00000000   Code   RO          928    .ARM.Collect$$libinit$$00000017  c_w.l(libinit2.o)
    0x08000252   0x00000000   Code   RO          930    .ARM.Collect$$libinit$$00000019  c_w.l(libinit2.o)
    0x08000252   0x00000000   Code   RO          932    .ARM.Collect$$libinit$$0000001B  c_w.l(libinit2.o)
    0x08000252   0x00000000   Code   RO          934    .ARM.Collect$$libinit$$0000001D  c_w.l(libinit2.o)
    0x08000252   0x00000000   Code   RO          936    .ARM.Collect$$libinit$$0000001F  c_w.l(libinit2.o)
    0x08000252   0x00000000   Code   RO          938    .ARM.Collect$$libinit$$00000021  c_w.l(libinit2.o)
    0x08000252   0x00000000   Code   RO          940    .ARM.Collect$$libinit$$00000023  c_w.l(libinit2.o)
    0x08000252   0x00000000   Code   RO          944    .ARM.Collect$$libinit$$0000002A  c_w.l(libinit2.o)
    0x08000252   0x00000000   Code   RO          946    .ARM.Collect$$libinit$$0000002C  c_w.l(libinit2.o)
    0x08000252   0x00000000   Code   RO          948    .ARM.Collect$$libinit$$0000002E  c_w.l(libinit2.o)
    0x08000252   0x00000000   Code   RO          950    .ARM.Collect$$libinit$$00000030  c_w.l(libinit2.o)
    0x08000252   0x00000002   Code   RO          951    .ARM.Collect$$libinit$$00000031  c_w.l(libinit2.o)
    0x08000254   0x00000002   Code   RO         1000    .ARM.Collect$$libshutdown$$00000000  c_w.l(libshutdown.o)
    0x08000256   0x00000000   Code   RO         1010    .ARM.Collect$$libshutdown$$00000003  c_w.l(libshutdown2.o)
    0x08000256   0x00000000   Code   RO         1013    .ARM.Collect$$libshutdown$$00000006  c_w.l(libshutdown2.o)
    0x08000256   0x00000000   Code   RO         1016    .ARM.Collect$$libshutdown$$00000009  c_w.l(libshutdown2.o)
    0x08000256   0x00000000   Code   RO         1018    .ARM.Collect$$libshutdown$$0000000B  c_w.l(libshutdown2.o)
    0x08000256   0x00000000   Code   RO         1021    .ARM.Collect$$libshutdown$$0000000E  c_w.l(libshutdown2.o)
    0x08000256   0x00000002   Code   RO         1022    .ARM.Collect$$libshutdown$$0000000F  c_w.l(libshutdown2.o)
    0x08000258   0x00000000   Code   RO          721    .ARM.Collect$$rtentry$$00000000  c_w.l(rtentry.o)
    0x08000258   0x00000000   Code   RO          810    .ARM.Collect$$rtentry$$00000002  c_w.l(rtentry2.o)
    0x08000258   0x00000006   Code   RO          822    .ARM.Collect$$rtentry$$00000004  c_w.l(rtentry4.o)
    0x0800025e   0x00000000   Code   RO          812    .ARM.Collect$$rtentry$$00000009  c_w.l(rtentry2.o)
    0x0800025e   0x00000004   Code   RO          813    .ARM.Collect$$rtentry$$0000000A  c_w.l(rtentry2.o)
    0x08000262   0x00000000   Code   RO          815    .ARM.Collect$$rtentry$$0000000C  c_w.l(rtentry2.o)
    0x08000262   0x00000008   Code   RO          816    .ARM.Collect$$rtentry$$0000000D  c_w.l(rtentry2.o)
    0x0800026a   0x00000002   Code   RO          956    .ARM.Collect$$rtexit$$00000000  c_w.l(rtexit.o)
    0x0800026c   0x00000000   Code   RO          970    .ARM.Collect$$rtexit$$00000002  c_w.l(rtexit2.o)
    0x0800026c   0x00000004   Code   RO          971    .ARM.Collect$$rtexit$$00000003  c_w.l(rtexit2.o)
    0x08000270   0x00000006   Code   RO          972    .ARM.Collect$$rtexit$$00000004  c_w.l(rtexit2.o)
    0x08000276   0x00000002   PAD
    0x08000278   0x00000978   Code   RO            1    .text               main.o
    0x08000bf0   0x00000012   Code   RO          115    .text               stm32f10x_it.o
    0x08000c02   0x00000002   PAD
    0x08000c04   0x00000158   Code   RO          147    .text               system_stm32f10x.o
    0x08000d5c   0x00000318   Code   RO          165    .text               usart2.o
    0x08001074   0x0000025c   Code   RO          192    .text               usart3.o
    0x080012d0   0x000008d8   Code   RO          212    .text               gps.o
    0x08001ba8   0x00000048   Code   RO          239    .text               hc-sr04.o
    0x08001bf0   0x000003b0   Code   RO          251    .text               mpu6050.o
    0x08001fa0   0x000002ac   Code   RO          264    .text               mpuiic.o
    0x0800224c   0x00001cf4   Code   RO          277    .text               inv_mpu.o
    0x08003f40   0x00000bdc   Code   RO          310    .text               inv_mpu_dmp_motion_driver.o
    0x08004b1c   0x00000180   Code   RO          332    .text               wt-588d.o
    0x08004c9c   0x00000228   Code   RO          344    .text               timer.o
    0x08004ec4   0x00000124   Code   RO          360    .text               exti.o
    0x08004fe8   0x000000a0   Code   RO          379    .text               delay.o
    0x08005088   0x00000008   Code   RO          393    .text               sys.o
    0x08005090   0x00000114   Code   RO          405    .text               usart.o
    0x080051a4   0x00000040   Code   RO          443    .text               startup_stm32f10x_hd.o
    0x080051e4   0x000002b8   Code   RO          447    .text               stm32f10x_gpio.o
    0x0800549c   0x000002d8   Code   RO          459    .text               stm32f10x_rcc.o
    0x08005774   0x0000034c   Code   RO          474    .text               stm32f10x_usart.o
    0x08005ac0   0x000000c4   Code   RO          486    .text               misc.o
    0x08005b84   0x00000caa   Code   RO          510    .text               stm32f10x_tim.o
    0x0800682e   0x00000002   PAD
    0x08006830   0x000001f4   Code   RO          523    .text               stm32f10x_dma.o
    0x08006a24   0x00000104   Code   RO          535    .text               stm32f10x_exti.o
    0x08006b28   0x0000033c   Code   RO          547    .text               sim800c.o
    0x08006e64   0x00000002   Code   RO          566    .text               c_w.l(use_no_semi_2.o)
    0x08006e66   0x00000048   Code   RO          568    .text               c_w.l(llsdiv.o)
    0x08006eae   0x00000002   PAD
    0x08006eb0   0x00000024   Code   RO          570    .text               c_w.l(c89vsprintf.o)
    0x08006ed4   0x00000018   Code   RO          572    .text               c_w.l(__2printf.o)
    0x08006eec   0x0000002c   Code   RO          574    .text               c_w.l(__2sprintf.o)
    0x08006f18   0x0000004e   Code   RO          582    .text               c_w.l(_printf_pad.o)
    0x08006f66   0x00000052   Code   RO          584    .text               c_w.l(_printf_str.o)
    0x08006fb8   0x00000074   Code   RO          586    .text               c_w.l(_printf_dec.o)
    0x0800702c   0x00000094   Code   RO          606    .text               c_w.l(_printf_hex_int_ll_ptr.o)
    0x080070c0   0x00000188   Code   RO          626    .text               c_w.l(__printf_flags_ss_wp.o)
    0x08007248   0x00000024   Code   RO          635    .text               c_w.l(strstr.o)
    0x0800726c   0x00000058   Code   RO          637    .text               c_w.l(memcmp.o)
    0x080072c4   0x0000003e   Code   RO          639    .text               c_w.l(strlen.o)
    0x08007302   0x00000018   Code   RO          641    .text               c_w.l(strcat.o)
    0x0800731a   0x0000004e   Code   RO          643    .text               c_w.l(rt_memclr_w.o)
    0x08007368   0x00000006   Code   RO          645    .text               c_w.l(heapauxi.o)
    0x0800736e   0x00000002   Code   RO          719    .text               c_w.l(use_no_semi.o)
    0x08007370   0x000000ee   Code   RO          722    .text               c_w.l(lludivv7m.o)
    0x0800745e   0x00000016   Code   RO          724    .text               c_w.l(_rserrno.o)
    0x08007474   0x00000024   Code   RO          726    .text               c_w.l(_printf_truncate.o)
    0x08007498   0x000000b2   Code   RO          728    .text               c_w.l(_printf_intcommon.o)
    0x0800754a   0x00000028   Code   RO          730    .text               c_w.l(_printf_charcount.o)
    0x08007572   0x00000416   Code   RO          732    .text               c_w.l(_printf_fp_dec.o)
    0x08007988   0x00000030   Code   RO          734    .text               c_w.l(_printf_char_common.o)
    0x080079b8   0x0000000a   Code   RO          736    .text               c_w.l(_sputc.o)
    0x080079c2   0x0000002c   Code   RO          738    .text               c_w.l(_printf_char.o)
    0x080079ee   0x00000002   PAD
    0x080079f0   0x00000024   Code   RO          740    .text               c_w.l(_printf_char_file.o)
    0x08007a14   0x000000bc   Code   RO          742    .text               c_w.l(_printf_wctomb.o)
    0x08007ad0   0x00000078   Code   RO          745    .text               c_w.l(_printf_longlong_dec.o)
    0x08007b48   0x00000070   Code   RO          751    .text               c_w.l(_printf_oct_int_ll.o)
    0x08007bb8   0x00000008   Code   RO          831    .text               c_w.l(rt_locale_intlibspace.o)
    0x08007bc0   0x00000008   Code   RO          836    .text               c_w.l(rt_errno_addr_intlibspace.o)
    0x08007bc8   0x0000008a   Code   RO          838    .text               c_w.l(lludiv10.o)
    0x08007c52   0x00000002   PAD
    0x08007c54   0x00000080   Code   RO          840    .text               c_w.l(_printf_fp_infnan.o)
    0x08007cd4   0x0000002c   Code   RO          844    .text               c_w.l(_printf_wchar.o)
    0x08007d00   0x000000d8   Code   RO          846    .text               c_w.l(bigflt0.o)
    0x08007dd8   0x00000008   Code   RO          871    .text               c_w.l(ferror.o)
    0x08007de0   0x00000040   Code   RO          875    .text               c_w.l(_wcrtomb.o)
    0x08007e20   0x00000008   Code   RO          890    .text               c_w.l(libspace.o)
    0x08007e28   0x0000004a   Code   RO          893    .text               c_w.l(sys_stackheap_outer.o)
    0x08007e72   0x00000002   PAD
    0x08007e74   0x00000010   Code   RO          895    .text               c_w.l(rt_ctype_table.o)
    0x08007e84   0x0000000c   Code   RO          899    .text               c_w.l(exit.o)
    0x08007e90   0x00000080   Code   RO          901    .text               c_w.l(strcmpv7m.o)
    0x08007f10   0x0000003e   Code   RO          849    CL$$btod_d2e        c_w.l(btod.o)
    0x08007f4e   0x00000046   Code   RO          851    CL$$btod_d2e_denorm_low  c_w.l(btod.o)
    0x08007f94   0x00000060   Code   RO          850    CL$$btod_d2e_norm_op1  c_w.l(btod.o)
    0x08007ff4   0x00000338   Code   RO          859    CL$$btod_div_common  c_w.l(btod.o)
    0x0800832c   0x000000c6   Code   RO          856    CL$$btod_e2e        c_w.l(btod.o)
    0x080083f2   0x00000028   Code   RO          853    CL$$btod_ediv       c_w.l(btod.o)
    0x0800841a   0x00000028   Code   RO          852    CL$$btod_emul       c_w.l(btod.o)
    0x08008442   0x00000244   Code   RO          858    CL$$btod_mult_common  c_w.l(btod.o)
    0x08008686   0x00000028   Code   RO          796    i.__ARM_fpclassify  m_ws.l(fpclassify.o)
    0x080086ae   0x000000aa   Code   RO          798    i.__kernel_poly     m_ws.l(poly.o)
    0x08008758   0x00000010   Code   RO          794    i.__mathlib_dbl_underflow  m_ws.l(dunder.o)
    0x08008768   0x0000000e   Code   RO          619    i._is_digit         c_w.l(__printf_wp.o)
    0x08008776   0x00000002   PAD
    0x08008778   0x0000027c   Code   RO          702    i.asin              m_ws.l(asin.o)
    0x080089f4   0x00000224   Code   RO          785    i.atan              m_ws.l(atan.o)
    0x08008c18   0x00000180   Code   RO          712    i.atan2             m_ws.l(atan2.o)
    0x08008d98   0x0000004c   Code   RO          802    i.sqrt              m_ws.l(sqrt.o)
    0x08008de4   0x0000002c   Code   RO          878    locale$$code        c_w.l(lc_numeric_c.o)
    0x08008e10   0x0000002c   Code   RO          959    locale$$code        c_w.l(lc_ctype_c.o)
    0x08008e3c   0x00000062   Code   RO          649    x$fpl$d2f           fz_ws.l(d2f.o)
    0x08008e9e   0x00000002   PAD
    0x08008ea0   0x00000150   Code   RO          651    x$fpl$dadd          fz_ws.l(daddsub_clz.o)
    0x08008ff0   0x00000010   Code   RO          880    x$fpl$dcheck1       fz_ws.l(dcheck1.o)
    0x08009000   0x000002b0   Code   RO          658    x$fpl$ddiv          fz_ws.l(ddiv.o)
    0x080092b0   0x0000002e   Code   RO          662    x$fpl$dflt          fz_ws.l(dflt_clz.o)
    0x080092de   0x00000002   PAD
    0x080092e0   0x00000154   Code   RO          667    x$fpl$dmul          fz_ws.l(dmul.o)
    0x08009434   0x0000009c   Code   RO          771    x$fpl$dnaninf       fz_ws.l(dnaninf.o)
    0x080094d0   0x0000000c   Code   RO          773    x$fpl$dretinf       fz_ws.l(dretinf.o)
    0x080094dc   0x00000016   Code   RO          652    x$fpl$drsb          fz_ws.l(daddsub_clz.o)
    0x080094f2   0x00000002   PAD
    0x080094f4   0x000001cc   Code   RO          884    x$fpl$dsqrt         fz_ws.l(dsqrt_noumaal.o)
    0x080096c0   0x000001d4   Code   RO          653    x$fpl$dsub          fz_ws.l(daddsub_clz.o)
    0x08009894   0x00000056   Code   RO          669    x$fpl$f2d           fz_ws.l(f2d.o)
    0x080098ea   0x00000002   PAD
    0x080098ec   0x000000c4   Code   RO          671    x$fpl$fadd          fz_ws.l(faddsub_clz.o)
    0x080099b0   0x0000000c   Code   RO          775    x$fpl$fcheck1       fz_ws.l(fcheck1.o)
    0x080099bc   0x00000184   Code   RO          678    x$fpl$fdiv          fz_ws.l(fdiv.o)
    0x08009b40   0x00000036   Code   RO          681    x$fpl$ffix          fz_ws.l(ffix.o)
    0x08009b76   0x00000002   PAD
    0x08009b78   0x0000003e   Code   RO          685    x$fpl$ffixu         fz_ws.l(ffixu.o)
    0x08009bb6   0x00000002   PAD
    0x08009bb8   0x00000030   Code   RO          690    x$fpl$fflt          fz_ws.l(fflt_clz.o)
    0x08009be8   0x00000026   Code   RO          689    x$fpl$ffltu         fz_ws.l(fflt_clz.o)
    0x08009c0e   0x00000002   PAD
    0x08009c10   0x00000102   Code   RO          695    x$fpl$fmul          fz_ws.l(fmul.o)
    0x08009d12   0x0000008c   Code   RO          777    x$fpl$fnaninf       fz_ws.l(fnaninf.o)
    0x08009d9e   0x0000000a   Code   RO          779    x$fpl$fretinf       fz_ws.l(fretinf.o)
    0x08009da8   0x000000ea   Code   RO          673    x$fpl$fsub          fz_ws.l(faddsub_clz.o)
    0x08009e92   0x00000004   Code   RO          697    x$fpl$printf1       fz_ws.l(printf1.o)
    0x08009e96   0x00000064   Code   RO          888    x$fpl$retnan        fz_ws.l(retnan.o)
    0x08009efa   0x0000005c   Code   RO          781    x$fpl$scalbn        fz_ws.l(scalbn.o)
    0x08009f56   0x0000004c   Code   RO          699    x$fpl$scalbnf       fz_ws.l(scalbnf.o)
    0x08009fa2   0x00000030   Code   RO          954    x$fpl$trapveneer    fz_ws.l(trapv.o)
    0x08009fd2   0x00000000   Code   RO          783    x$fpl$usenofp       fz_ws.l(usenofp.o)
    0x08009fd2   0x00000002   PAD
    0x08009fd4   0x00000024   Data   RO          213    .constdata          gps.o
    0x08009ff8   0x0000001b   Data   RO          278    .constdata          inv_mpu.o
    0x0800a013   0x00000001   PAD
    0x0800a014   0x0000000c   Data   RO          279    .constdata          inv_mpu.o
    0x0800a020   0x00000028   Data   RO          280    .constdata          inv_mpu.o
    0x0800a048   0x00000bf6   Data   RO          312    .constdata          inv_mpu_dmp_motion_driver.o
    0x0800ac3e   0x00000002   PAD
    0x0800ac40   0x00000066   Data   RO          548    .constdata          sim800c.o
    0x0800aca6   0x00000028   Data   RO          607    .constdata          c_w.l(_printf_hex_int_ll_ptr.o)
    0x0800acce   0x00000011   Data   RO          627    .constdata          c_w.l(__printf_flags_ss_wp.o)
    0x0800acdf   0x00000001   PAD
    0x0800ace0   0x00000050   Data   RO          703    .constdata          m_ws.l(asin.o)
    0x0800ad30   0x00000008   Data   RO          743    .constdata          c_w.l(_printf_wctomb.o)
    0x0800ad38   0x00000098   Data   RO          786    .constdata          m_ws.l(atan.o)
    0x0800add0   0x00000008   Data   RO          800    .constdata          m_ws.l(qnan.o)
    0x0800add8   0x00000094   Data   RO          847    .constdata          c_w.l(bigflt0.o)
    0x0800ae6c   0x00000015   Data   RO            3    .conststring        main.o
    0x0800ae81   0x00000003   PAD
    0x0800ae84   0x0000004d   Data   RO          281    .conststring        inv_mpu.o
    0x0800aed1   0x00000003   PAD
    0x0800aed4   0x0000002a   Data   RO          549    .conststring        sim800c.o
    0x0800aefe   0x00000002   PAD
    0x0800af00   0x00000020   Data   RO         1037    Region$$Table       anon$$obj.o
    0x0800af20   0x0000001c   Data   RO          877    locale$$data        c_w.l(lc_numeric_c.o)
    0x0800af3c   0x00000110   Data   RO          958    locale$$data        c_w.l(lc_ctype_c.o)


    Execution Region RW_IRAM1 (Base: 0x20000000, Size: 0x00001d00, Max: 0x0000c000, ABSOLUTE)

    Base Addr    Size         Type   Attr      Idx    E Section Name        Object

    0x20000000   0x00000052   Data   RW            4    .data               main.o
    0x20000052   0x00000002   PAD
    0x20000054   0x00000014   Data   RW          148    .data               system_stm32f10x.o
    0x20000068   0x00000004   Data   RW          167    .data               usart2.o
    0x2000006c   0x00000002   Data   RW          194    .data               usart3.o
    0x2000006e   0x00000002   PAD
    0x20000070   0x00000035   Data   RW          282    .data               inv_mpu.o
    0x200000a5   0x00000001   PAD
    0x200000a6   0x00000004   Data   RW          346    .data               timer.o
    0x200000aa   0x00000004   Data   RW          380    .data               delay.o
    0x200000ae   0x00000002   Data   RW          407    .data               usart.o
    0x200000b0   0x00000004   Data   RW          408    .data               usart.o
    0x200000b4   0x00000014   Data   RW          460    .data               stm32f10x_rcc.o
    0x200000c8   0x00000014   Data   RW          550    .data               sim800c.o
    0x200000dc   0x000004da   Zero   RW            2    .bss                main.o
    0x200005b6   0x00000002   PAD
    0x200005b8   0x00000800   Zero   RW          166    .bss                usart2.o
    0x20000db8   0x00000800   Zero   RW          193    .bss                usart3.o
    0x200015b8   0x00000010   Zero   RW          311    .bss                inv_mpu_dmp_motion_driver.o
    0x200015c8   0x0000000a   Zero   RW          345    .bss                timer.o
    0x200015d2   0x000000c8   Zero   RW          406    .bss                usart.o
    0x2000169a   0x00000002   PAD
    0x2000169c   0x00000060   Zero   RW          891    .bss                c_w.l(libspace.o)
    0x200016fc   0x00000004   PAD
    0x20001700   0x00000200   Zero   RW          441    HEAP                startup_stm32f10x_hd.o
    0x20001900   0x00000400   Zero   RW          440    STACK               startup_stm32f10x_hd.o


==============================================================================

Image component sizes


      Code (inc. data)   RO Data    RW Data    ZI Data      Debug   Object Name

         0          0          0          0          0         32   core_cm3.o
       160         14          0          4          0        951   delay.o
       292         42          0          0          0       3189   exti.o
      2264         78         36          0          0       6235   gps.o
        72          8          0          0          0        671   hc-sr04.o
      7412        200        156         53          0      23039   inv_mpu.o
      3036        124       3062          0         16      15477   inv_mpu_dmp_motion_driver.o
      2424       1178         21         82       1242     267066   main.o
       196         12          0          0          0       1673   misc.o
       944         18          0          0          0       4899   mpu6050.o
       684          8          0          0          0       2844   mpuiic.o
       828        272        144         20          0       2863   sim800c.o
        64         26        304          0       1536        776   startup_stm32f10x_hd.o
       500         60          0          0          0       4086   stm32f10x_dma.o
       260         22          0          0          0       2083   stm32f10x_exti.o
       696          8          0          0          0       5085   stm32f10x_gpio.o
        18          0          0          0          0       1138   stm32f10x_it.o
       728         36          0         20          0       8186   stm32f10x_rcc.o
      3242         20          0          0          0      19194   stm32f10x_tim.o
       844          4          0          0          0       7112   stm32f10x_usart.o
         8          0          0          0          0        401   sys.o
       344         32          0         20          0       1583   system_stm32f10x.o
       552         20          0          4         10       1943   timer.o
       276         20          0          6        200       3062   usart.o
       792         28          0          4       2048       4185   usart2.o
       604         30          0          2       2048       2755   usart3.o
       384         16          0          0          0       1176   wt-588d.o

    ----------------------------------------------------------------------
     27628       2276       3766        220       7104     391704   Object Totals
         0          0         32          0          0          0   (incl. Generated)
         4          0         11          5          4          0   (incl. Padding)

    ----------------------------------------------------------------------

      Code (inc. data)   RO Data    RW Data    ZI Data      Debug   Library Member Name

        24          4          0          0          0         84   __2printf.o
        44          6          0          0          0         84   __2sprintf.o
         8          0          0          0          0         68   __main.o
       392          4         17          0          0         92   __printf_flags_ss_wp.o
        14          0          0          0          0         68   __printf_wp.o
        52          8          0          0          0          0   __scatter.o
        26          0          0          0          0          0   __scatter_copy.o
        28          0          0          0          0          0   __scatter_zi.o
         6          0          0          0          0          0   _printf_a.o
         6          0          0          0          0          0   _printf_c.o
        44          0          0          0          0        108   _printf_char.o
        48          6          0          0          0         96   _printf_char_common.o
        36          4          0          0          0         80   _printf_char_file.o
        40          0          0          0          0         68   _printf_charcount.o
         6          0          0          0          0          0   _printf_d.o
       116         16          0          0          0         92   _printf_dec.o
         6          0          0          0          0          0   _printf_e.o
         6          0          0          0          0          0   _printf_f.o
      1046          0          0          0          0        216   _printf_fp_dec.o
       128         16          0          0          0         84   _printf_fp_infnan.o
         6          0          0          0          0          0   _printf_g.o
       148          4         40          0          0        160   _printf_hex_int_ll_ptr.o
         6          0          0          0          0          0   _printf_i.o
       178          0          0          0          0         88   _printf_intcommon.o
        10          0          0          0          0          0   _printf_l.o
         6          0          0          0          0          0   _printf_lc.o
        10          0          0          0          0          0   _printf_ll.o
         6          0          0          0          0          0   _printf_lld.o
         6          0          0          0          0          0   _printf_lli.o
         6          0          0          0          0          0   _printf_llo.o
         6          0          0          0          0          0   _printf_llu.o
         6          0          0          0          0          0   _printf_llx.o
       120         16          0          0          0         92   _printf_longlong_dec.o
         6          0          0          0          0          0   _printf_ls.o
         6          0          0          0          0          0   _printf_n.o
         6          0          0          0          0          0   _printf_o.o
       112          8          0          0          0        124   _printf_oct_int_ll.o
         6          0          0          0          0          0   _printf_p.o
        78          0          0          0          0        108   _printf_pad.o
         0          0          0          0          0          0   _printf_percent.o
         4          0          0          0          0          0   _printf_percent_end.o
         6          0          0          0          0          0   _printf_s.o
        82          0          0          0          0         80   _printf_str.o
        36          0          0          0          0         84   _printf_truncate.o
         6          0          0          0          0          0   _printf_u.o
        44          0          0          0          0        108   _printf_wchar.o
       188          6          8          0          0         92   _printf_wctomb.o
         6          0          0          0          0          0   _printf_x.o
        22          0          0          0          0        100   _rserrno.o
        10          0          0          0          0         68   _sputc.o
        64          0          0          0          0         92   _wcrtomb.o
       216          4        148          0          0         96   bigflt0.o
      1910        128          0          0          0        672   btod.o
        36          4          0          0          0         76   c89vsprintf.o
        12          0          0          0          0         72   exit.o
         8          0          0          0          0         68   ferror.o
         6          0          0          0          0        152   heapauxi.o
        44         10        272          0          0         76   lc_ctype_c.o
        44         10         28          0          0         76   lc_numeric_c.o
         2          0          0          0          0          0   libinit.o
        30          0          0          0          0          0   libinit2.o
         2          0          0          0          0          0   libshutdown.o
         2          0          0          0          0          0   libshutdown2.o
         8          4          0          0         96         68   libspace.o
        72          0          0          0          0         76   llsdiv.o
       138          0          0          0          0         80   lludiv10.o
       238          0          0          0          0        100   lludivv7m.o
        88          0          0          0          0         76   memcmp.o
        16          4          0          0          0         76   rt_ctype_table.o
         8          4          0          0          0         68   rt_errno_addr_intlibspace.o
         8          4          0          0          0         68   rt_locale_intlibspace.o
        78          0          0          0          0         80   rt_memclr_w.o
         0          0          0          0          0          0   rtentry.o
        12          0          0          0          0          0   rtentry2.o
         6          0          0          0          0          0   rtentry4.o
         2          0          0          0          0          0   rtexit.o
        10          0          0          0          0          0   rtexit2.o
        24          0          0          0          0         68   strcat.o
       128          0          0          0          0         68   strcmpv7m.o
        62          0          0          0          0         76   strlen.o
        36          0          0          0          0         80   strstr.o
        74          0          0          0          0         80   sys_stackheap_outer.o
         2          0          0          0          0         68   use_no_semi.o
         2          0          0          0          0         68   use_no_semi_2.o
        98          4          0          0          0         92   d2f.o
       826         16          0          0          0        348   daddsub_clz.o
        16          4          0          0          0         68   dcheck1.o
       688        140          0          0          0        208   ddiv.o
        46          0          0          0          0         68   dflt_clz.o
       340         12          0          0          0        104   dmul.o
       156          4          0          0          0         92   dnaninf.o
        12          0          0          0          0         68   dretinf.o
       460         56          0          0          0        120   dsqrt_noumaal.o
        86          4          0          0          0         84   f2d.o
       430          8          0          0          0        168   faddsub_clz.o
        12          4          0          0          0         68   fcheck1.o
       388         76          0          0          0         96   fdiv.o
        54          4          0          0          0         84   ffix.o
        62          4          0          0          0         84   ffixu.o
        86          0          0          0          0        136   fflt_clz.o
       258          4          0          0          0         84   fmul.o
       140          4          0          0          0         84   fnaninf.o
        10          0          0          0          0         68   fretinf.o
         4          0          0          0          0         68   printf1.o
       100          0          0          0          0         68   retnan.o
        92          0          0          0          0         68   scalbn.o
        76          0          0          0          0         68   scalbnf.o
        48          0          0          0          0         68   trapv.o
         0          0          0          0          0          0   usenofp.o
       636         52         80          0          0        168   asin.o
       548         70        152          0          0        124   atan.o
       384         38          0          0          0        144   atan2.o
        16          6          0          0          0         68   dunder.o
        40          0          0          0          0         68   fpclassify.o
       170          0          0          0          0         96   poly.o
         0          0          8          0          0          0   qnan.o
        76          0          0          0          0         84   sqrt.o

    ----------------------------------------------------------------------
     12984        780        754          0        100       8040   Library Totals
        30          0          1          0          4          0   (incl. Padding)

    ----------------------------------------------------------------------

      Code (inc. data)   RO Data    RW Data    ZI Data      Debug   Library Name

      6596        270        513          0         96       4824   c_w.l
      4488        344          0          0          0       2464   fz_ws.l
      1870        166        240          0          0        752   m_ws.l

    ----------------------------------------------------------------------
     12984        780        754          0        100       8040   Library Totals

    ----------------------------------------------------------------------

==============================================================================


      Code (inc. data)   RO Data    RW Data    ZI Data      Debug   

     40612       3056       4520        220       7204     392460   Grand Totals
     40612       3056       4520        220       7204     392460   ELF Image Totals
     40612       3056       4520        220          0          0   ROM Totals

==============================================================================

    Total RO  Size (Code + RO Data)                45132 (  44.07kB)
    Total RW  Size (RW Data + ZI Data)              7424 (   7.25kB)
    Total ROM Size (Code + RO Data + RW Data)      45352 (  44.29kB)

==============================================================================

